Archive member included to satisfy reference by file (symbol)

/Applications/ArmGNUToolchain/13.3.rel1/arm-none-eabi/bin/../lib/gcc/arm-none-eabi/13.3.1/thumb/v7e-m/nofp/libgcc.a(_aeabi_uldivmod.o)
                              CMakeFiles/inter_board_communication.elf.dir/Drivers/STM32F4xx_HAL_Driver/Src/stm32f4xx_hal_rcc.c.obj (__aeabi_uldivmod)
/Applications/ArmGNUToolchain/13.3.rel1/arm-none-eabi/bin/../lib/gcc/arm-none-eabi/13.3.1/thumb/v7e-m/nofp/libgcc.a(_udivmoddi4.o)
                              /Applications/ArmGNUToolchain/13.3.rel1/arm-none-eabi/bin/../lib/gcc/arm-none-eabi/13.3.1/thumb/v7e-m/nofp/libgcc.a(_aeabi_uldivmod.o) (__udivmoddi4)
/Applications/ArmGNUToolchain/13.3.rel1/arm-none-eabi/bin/../lib/gcc/arm-none-eabi/13.3.1/thumb/v7e-m/nofp/libgcc.a(unwind-arm.o)
                              CMakeFiles/inter_board_communication.elf.dir/Core/Src/callback.cpp.obj (__aeabi_unwind_cpp_pr0)
/Applications/ArmGNUToolchain/13.3.rel1/arm-none-eabi/bin/../lib/gcc/arm-none-eabi/13.3.1/thumb/v7e-m/nofp/libgcc.a(libunwind.o)
                              /Applications/ArmGNUToolchain/13.3.rel1/arm-none-eabi/bin/../lib/gcc/arm-none-eabi/13.3.1/thumb/v7e-m/nofp/libgcc.a(unwind-arm.o) (restore_core_regs)
/Applications/ArmGNUToolchain/13.3.rel1/arm-none-eabi/bin/../lib/gcc/arm-none-eabi/13.3.1/thumb/v7e-m/nofp/libgcc.a(pr-support.o)
                              /Applications/ArmGNUToolchain/13.3.rel1/arm-none-eabi/bin/../lib/gcc/arm-none-eabi/13.3.1/thumb/v7e-m/nofp/libgcc.a(unwind-arm.o) (__gnu_unwind_execute)
/Applications/ArmGNUToolchain/13.3.rel1/arm-none-eabi/bin/../lib/gcc/arm-none-eabi/13.3.1/thumb/v7e-m/nofp/libgcc.a(_dvmd_tls.o)
                              /Applications/ArmGNUToolchain/13.3.rel1/arm-none-eabi/bin/../lib/gcc/arm-none-eabi/13.3.1/thumb/v7e-m/nofp/libgcc.a(_aeabi_uldivmod.o) (__aeabi_ldiv0)
/Applications/ArmGNUToolchain/13.3.rel1/arm-none-eabi/bin/../lib/gcc/arm-none-eabi/13.3.1/../../../../arm-none-eabi/lib/thumb/v7e-m/nofp/libc.a(libc_a-abort.o)
                              /Applications/ArmGNUToolchain/13.3.rel1/arm-none-eabi/bin/../lib/gcc/arm-none-eabi/13.3.1/thumb/v7e-m/nofp/libgcc.a(unwind-arm.o) (abort)
/Applications/ArmGNUToolchain/13.3.rel1/arm-none-eabi/bin/../lib/gcc/arm-none-eabi/13.3.1/../../../../arm-none-eabi/lib/thumb/v7e-m/nofp/libc.a(libc_a-exit.o)
                              /Applications/ArmGNUToolchain/13.3.rel1/arm-none-eabi/bin/../lib/gcc/arm-none-eabi/13.3.1/../../../../arm-none-eabi/lib/thumb/v7e-m/nofp/crt0.o (exit)
/Applications/ArmGNUToolchain/13.3.rel1/arm-none-eabi/bin/../lib/gcc/arm-none-eabi/13.3.1/../../../../arm-none-eabi/lib/thumb/v7e-m/nofp/libc.a(libc_a-findfp.o)
                              /Applications/ArmGNUToolchain/13.3.rel1/arm-none-eabi/bin/../lib/gcc/arm-none-eabi/13.3.1/../../../../arm-none-eabi/lib/thumb/v7e-m/nofp/libc.a(libc_a-exit.o) (__stdio_exit_handler)
/Applications/ArmGNUToolchain/13.3.rel1/arm-none-eabi/bin/../lib/gcc/arm-none-eabi/13.3.1/../../../../arm-none-eabi/lib/thumb/v7e-m/nofp/libc.a(libc_a-memset.o)
                              /Applications/ArmGNUToolchain/13.3.rel1/arm-none-eabi/bin/../lib/gcc/arm-none-eabi/13.3.1/../../../../arm-none-eabi/lib/thumb/v7e-m/nofp/crt0.o (memset)
/Applications/ArmGNUToolchain/13.3.rel1/arm-none-eabi/bin/../lib/gcc/arm-none-eabi/13.3.1/../../../../arm-none-eabi/lib/thumb/v7e-m/nofp/libc.a(libc_a-signal.o)
                              /Applications/ArmGNUToolchain/13.3.rel1/arm-none-eabi/bin/../lib/gcc/arm-none-eabi/13.3.1/../../../../arm-none-eabi/lib/thumb/v7e-m/nofp/libc.a(libc_a-abort.o) (raise)
/Applications/ArmGNUToolchain/13.3.rel1/arm-none-eabi/bin/../lib/gcc/arm-none-eabi/13.3.1/../../../../arm-none-eabi/lib/thumb/v7e-m/nofp/libc.a(libc_a-impure.o)
                              /Applications/ArmGNUToolchain/13.3.rel1/arm-none-eabi/bin/../lib/gcc/arm-none-eabi/13.3.1/../../../../arm-none-eabi/lib/thumb/v7e-m/nofp/libc.a(libc_a-signal.o) (_impure_ptr)
/Applications/ArmGNUToolchain/13.3.rel1/arm-none-eabi/bin/../lib/gcc/arm-none-eabi/13.3.1/../../../../arm-none-eabi/lib/thumb/v7e-m/nofp/libc.a(libc_a-signalr.o)
                              /Applications/ArmGNUToolchain/13.3.rel1/arm-none-eabi/bin/../lib/gcc/arm-none-eabi/13.3.1/../../../../arm-none-eabi/lib/thumb/v7e-m/nofp/libc.a(libc_a-signal.o) (_kill_r)
/Applications/ArmGNUToolchain/13.3.rel1/arm-none-eabi/bin/../lib/gcc/arm-none-eabi/13.3.1/../../../../arm-none-eabi/lib/thumb/v7e-m/nofp/libc.a(libc_a-errno.o)
                              CMakeFiles/inter_board_communication.elf.dir/Core/Src/syscalls.c.obj (__errno)
/Applications/ArmGNUToolchain/13.3.rel1/arm-none-eabi/bin/../lib/gcc/arm-none-eabi/13.3.1/../../../../arm-none-eabi/lib/thumb/v7e-m/nofp/libc.a(libc_a-init.o)
                              /Applications/ArmGNUToolchain/13.3.rel1/arm-none-eabi/bin/../lib/gcc/arm-none-eabi/13.3.1/../../../../arm-none-eabi/lib/thumb/v7e-m/nofp/crt0.o (__libc_init_array)
[...]
Memory Configuration

Name             Origin             Length             Attributes
RAM              0x20000000         0x00030000         xrw
CCMRAM           0x10000000         0x00010000         xrw
FLASH            0x08000000         0x00200000         xr
*default*        0x00000000         0xffffffff

Linker script and memory map

LOAD /Applications/ArmGNUToolchain/13.3.rel1/arm-none-eabi/bin/../lib/gcc/arm-none-eabi/13.3.1/thumb/v7e-m/nofp/crti.o
LOAD /Applications/ArmGNUToolchain/13.3.rel1/arm-none-eabi/bin/../lib/gcc/arm-none-eabi/13.3.1/thumb/v7e-m/nofp/crtbegin.o
LOAD /Applications/ArmGNUToolchain/13.3.rel1/arm-none-eabi/bin/../lib/gcc/arm-none-eabi/13.3.1/../../../../arm-none-eabi/lib/thumb/v7e-m/nofp/crt0.o
LOAD CMakeFiles/inter_board_communication.elf.dir/Core/Src/callback.cpp.obj
LOAD CMakeFiles/inter_board_communication.elf.dir/Core/Src/can.c.obj
LOAD CMakeFiles/inter_board_communication.elf.dir/Core/Src/gpio.c.obj
LOAD CMakeFiles/inter_board_communication.elf.dir/Core/Src/main.c.obj
LOAD CMakeFiles/inter_board_communication.elf.dir/Core/Src/stm32f4xx_hal_msp.c.obj
LOAD CMakeFiles/inter_board_communication.elf.dir/Core/Src/stm32f4xx_it.c.obj
LOAD CMakeFiles/inter_board_communication.elf.dir/Core/Src/syscalls.c.obj
LOAD CMakeFiles/inter_board_communication.elf.dir/Core/Src/sysmem.c.obj
LOAD CMakeFiles/inter_board_communication.elf.dir/Core/Src/system_stm32f4xx.c.obj
LOAD CMakeFiles/inter_board_communication.elf.dir/Core/Src/usart.c.obj
LOAD CMakeFiles/inter_board_communication.elf.dir/Core/Startup/startup_stm32f427iihx.s.obj
LOAD CMakeFiles/inter_board_communication.elf.dir/Drivers/STM32F4xx_HAL_Driver/Src/stm32f4xx_hal.c.obj
LOAD CMakeFiles/inter_board_communication.elf.dir/Drivers/STM32F4xx_HAL_Driver/Src/stm32f4xx_hal_can.c.obj
LOAD CMakeFiles/inter_board_communication.elf.dir/Drivers/STM32F4xx_HAL_Driver/Src/stm32f4xx_hal_cortex.c.obj
LOAD CMakeFiles/inter_board_communication.elf.dir/Drivers/STM32F4xx_HAL_Driver/Src/stm32f4xx_hal_dma.c.obj
LOAD CMakeFiles/inter_board_communication.elf.dir/Drivers/STM32F4xx_HAL_Driver/Src/stm32f4xx_hal_dma_ex.c.obj
LOAD CMakeFiles/inter_board_communication.elf.dir/Drivers/STM32F4xx_HAL_Driver/Src/stm32f4xx_hal_exti.c.obj
LOAD CMakeFiles/inter_board_communication.elf.dir/Drivers/STM32F4xx_HAL_Driver/Src/stm32f4xx_hal_flash.c.obj
LOAD CMakeFiles/inter_board_communication.elf.dir/Drivers/STM32F4xx_HAL_Driver/Src/stm32f4xx_hal_flash_ex.c.obj
LOAD CMakeFiles/inter_board_communication.elf.dir/Drivers/STM32F4xx_HAL_Driver/Src/stm32f4xx_hal_flash_ramfunc.c.obj
LOAD CMakeFiles/inter_board_communication.elf.dir/Drivers/STM32F4xx_HAL_Driver/Src/stm32f4xx_hal_gpio.c.obj
LOAD CMakeFiles/inter_board_communication.elf.dir/Drivers/STM32F4xx_HAL_Driver/Src/stm32f4xx_hal_pwr.c.obj
LOAD CMakeFiles/inter_board_communication.elf.dir/Drivers/STM32F4xx_HAL_Driver/Src/stm32f4xx_hal_pwr_ex.c.obj
LOAD CMakeFiles/inter_board_communication.elf.dir/Drivers/STM32F4xx_HAL_Driver/Src/stm32f4xx_hal_rcc.c.obj
LOAD CMakeFiles/inter_board_communication.elf.dir/Drivers/STM32F4xx_HAL_Driver/Src/stm32f4xx_hal_rcc_ex.c.obj
LOAD CMakeFiles/inter_board_communication.elf.dir/Drivers/STM32F4xx_HAL_Driver/Src/stm32f4xx_hal_tim.c.obj
LOAD CMakeFiles/inter_board_communication.elf.dir/Drivers/STM32F4xx_HAL_Driver/Src/stm32f4xx_hal_tim_ex.c.obj
LOAD CMakeFiles/inter_board_communication.elf.dir/Drivers/STM32F4xx_HAL_Driver/Src/stm32f4xx_hal_uart.c.obj
LOAD /Applications/ArmGNUToolchain/13.3.rel1/arm-none-eabi/bin/../lib/gcc/arm-none-eabi/13.3.1/../../../../arm-none-eabi/lib/thumb/v7e-m/nofp/libstdc++.a
LOAD /Applications/ArmGNUToolchain/13.3.rel1/arm-none-eabi/bin/../lib/gcc/arm-none-eabi/13.3.1/../../../../arm-none-eabi/lib/thumb/v7e-m/nofp/libm.a
START GROUP
LOAD /Applications/ArmGNUToolchain/13.3.rel1/arm-none-eabi/bin/../lib/gcc/arm-none-eabi/13.3.1/thumb/v7e-m/nofp/libgcc.a
LOAD /Applications/ArmGNUToolchain/13.3.rel1/arm-none-eabi/bin/../lib/gcc/arm-none-eabi/13.3.1/../../../../arm-none-eabi/lib/thumb/v7e-m/nofp/libc.a
END GROUP
LOAD /Applications/ArmGNUToolchain/13.3.rel1/arm-none-eabi/bin/../lib/gcc/arm-none-eabi/13.3.1/thumb/v7e-m/nofp/crtend.o
LOAD /Applications/ArmGNUToolchain/13.3.rel1/arm-none-eabi/bin/../lib/gcc/arm-none-eabi/13.3.1/thumb/v7e-m/nofp/crtn.o
                0x20030000                        _estack = (ORIGIN (RAM) + LENGTH (RAM))
                0x00000200                        _Min_Heap_Size = 0x200
                0x00000400                        _Min_Stack_Size = 0x400

.isr_vector     0x08000000      0x1ac
                0x08000000                        . = ALIGN (0x4)
 *(.isr_vector)
 .isr_vector    0x08000000      0x1ac CMakeFiles/inter_board_communication.elf.dir/Core/Startup/startup_stm32f427iihx.s.obj
                0x08000000                g_pfnVectors
                0x080001ac                        . = ALIGN (0x4)

.text           0x080001ac     0x32fc
                0x080001ac                        . = ALIGN (0x4)
 *(.text)
 .text          0x080001ac       0x30 /Applications/ArmGNUToolchain/13.3.rel1/arm-none-eabi/bin/../lib/gcc/arm-none-eabi/13.3.1/thumb/v7e-m/nofp/libgcc.a(_aeabi_uldivmod.o)
                0x080001ac                __aeabi_uldivmod
 .text          0x080001dc      0x1ac /Applications/ArmGNUToolchain/13.3.rel1/arm-none-eabi/bin/../lib/gcc/arm-none-eabi/13.3.1/thumb/v7e-m/nofp/libgcc.a(libunwind.o)
                0x080001dc                __restore_core_regs
                0x080001dc                restore_core_regs
                0x080001f4                __gnu_Unwind_Restore_VFP
                0x080001fc                __gnu_Unwind_Save_VFP
                0x08000204                __gnu_Unwind_Restore_VFP_D
                0x0800020c                __gnu_Unwind_Save_VFP_D
                0x08000214                __gnu_Unwind_Restore_VFP_D_16_to_31
                0x0800021c                __gnu_Unwind_Save_VFP_D_16_to_31
                0x08000224                __gnu_Unwind_Restore_WMMXD
                0x08000268                __gnu_Unwind_Save_WMMXD
                0x080002ac                __gnu_Unwind_Restore_WMMXC
                0x080002c0                __gnu_Unwind_Save_WMMXC
                0x080002d4                _Unwind_RaiseException
                0x080002d4                ___Unwind_RaiseException
                0x080002f8                ___Unwind_Resume
                0x080002f8                _Unwind_Resume
                0x0800031c                ___Unwind_Resume_or_Rethrow
                0x0800031c                _Unwind_Resume_or_Rethrow
                0x08000340                _Unwind_ForcedUnwind
                0x08000340                ___Unwind_ForcedUnwind
                0x08000364                _Unwind_Backtrace
                0x08000364                ___Unwind_Backtrace
 .text          0x08000388        0x4 /Applications/ArmGNUToolchain/13.3.rel1/arm-none-eabi/bin/../lib/gcc/arm-none-eabi/13.3.1/thumb/v7e-m/nofp/libgcc.a(_dvmd_tls.o)
                0x08000388                __aeabi_ldiv0
                0x08000388                __aeabi_idiv0
 .text          0x0800038c      0x134 /Applications/ArmGNUToolchain/13.3.rel1/arm-none-eabi/bin/../lib/gcc/arm-none-eabi/13.3.1/../../../../arm-none-eabi/lib/thumb/v7e-m/nofp/libc.a(libc_a-memcpy.o)
                0x0800038c                memcpy
 *(.text*)
 .text.deregister_tm_clones
                0x080004c0       0x1c /Applications/ArmGNUToolchain/13.3.rel1/arm-none-eabi/bin/../lib/gcc/arm-none-eabi/13.3.1/thumb/v7e-m/nofp/crtbegin.o
 .text.register_tm_clones
                0x080004dc       0x24 /Applications/ArmGNUToolchain/13.3.rel1/arm-none-eabi/bin/../lib/gcc/arm-none-eabi/13.3.1/thumb/v7e-m/nofp/crtbegin.o
 .text.__do_global_dtors_aux
                0x08000500       0x28 /Applications/ArmGNUToolchain/13.3.rel1/arm-none-eabi/bin/../lib/gcc/arm-none-eabi/13.3.1/thumb/v7e-m/nofp/crtbegin.o
 .text.frame_dummy
                0x08000528       0x24 /Applications/ArmGNUToolchain/13.3.rel1/arm-none-eabi/bin/../lib/gcc/arm-none-eabi/13.3.1/thumb/v7e-m/nofp/crtbegin.o
 .text.HAL_CAN_RxFifo0MsgPendingCallback
                0x0800054c       0x30 CMakeFiles/inter_board_communication.elf.dir/Core/Src/callback.cpp.obj
                0x0800054c                HAL_CAN_RxFifo0MsgPendingCallback
 .text.MX_CAN1_Init
                0x0800057c       0x40 CMakeFiles/inter_board_communication.elf.dir/Core/Src/can.c.obj
                0x0800057c                MX_CAN1_Init
 .text.HAL_CAN_MspInit
                0x080005bc       0xac CMakeFiles/inter_board_communication.elf.dir/Core/Src/can.c.obj
                0x080005bc                HAL_CAN_MspInit
 .text.MX_GPIO_Init
                0x08000668       0xd0 CMakeFiles/inter_board_communication.elf.dir/Core/Src/gpio.c.obj
                0x08000668                MX_GPIO_Init
 .text.Error_Handler
                0x08000738        0x4 CMakeFiles/inter_board_communication.elf.dir/Core/Src/main.c.obj
                0x08000738                Error_Handler
 .text.SystemClock_Config
                0x0800073c       0xb4 CMakeFiles/inter_board_communication.elf.dir/Core/Src/main.c.obj
                0x0800073c                SystemClock_Config
 .text.main     0x080007f0       0x38 CMakeFiles/inter_board_communication.elf.dir/Core/Src/main.c.obj
                0x080007f0                main
 .text.HAL_MspInit
                0x08000828       0x38 CMakeFiles/inter_board_communication.elf.dir/Core/Src/stm32f4xx_hal_msp.c.obj
                0x08000828                HAL_MspInit
 .text.NMI_Handler
                0x08000860        0x2 CMakeFiles/inter_board_communication.elf.dir/Core/Src/stm32f4xx_it.c.obj
                0x08000860                NMI_Handler
 .text.HardFault_Handler
                0x08000862        0x2 CMakeFiles/inter_board_communication.elf.dir/Core/Src/stm32f4xx_it.c.obj
                0x08000862                HardFault_Handler
 .text.MemManage_Handler
                0x08000864        0x2 CMakeFiles/inter_board_communication.elf.dir/Core/Src/stm32f4xx_it.c.obj
                0x08000864                MemManage_Handler
 .text.BusFault_Handler
                0x08000866        0x2 CMakeFiles/inter_board_communication.elf.dir/Core/Src/stm32f4xx_it.c.obj
                0x08000866                BusFault_Handler
 .text.UsageFault_Handler
                0x08000868        0x2 CMakeFiles/inter_board_communication.elf.dir/Core/Src/stm32f4xx_it.c.obj
                0x08000868                UsageFault_Handler
 .text.SVC_Handler
                0x0800086a        0x2 CMakeFiles/inter_board_communication.elf.dir/Core/Src/stm32f4xx_it.c.obj
                0x0800086a                SVC_Handler
 .text.DebugMon_Handler
                0x0800086c        0x2 CMakeFiles/inter_board_communication.elf.dir/Core/Src/stm32f4xx_it.c.obj
                0x0800086c                DebugMon_Handler
 .text.PendSV_Handler
                0x0800086e        0x2 CMakeFiles/inter_board_communication.elf.dir/Core/Src/stm32f4xx_it.c.obj
                0x0800086e                PendSV_Handler
 .text.SysTick_Handler
                0x08000870        0x8 CMakeFiles/inter_board_communication.elf.dir/Core/Src/stm32f4xx_it.c.obj
                0x08000870                SysTick_Handler
 .text.CAN1_TX_IRQHandler
                0x08000878       0x10 CMakeFiles/inter_board_communication.elf.dir/Core/Src/stm32f4xx_it.c.obj
                0x08000878                CAN1_TX_IRQHandler
 .text.CAN1_RX0_IRQHandler
                0x08000888       0x10 CMakeFiles/inter_board_communication.elf.dir/Core/Src/stm32f4xx_it.c.obj
                0x08000888                CAN1_RX0_IRQHandler
 .text.CAN1_RX1_IRQHandler
                0x08000898       0x10 CMakeFiles/inter_board_communication.elf.dir/Core/Src/stm32f4xx_it.c.obj
                0x08000898                CAN1_RX1_IRQHandler
 .text.CAN1_SCE_IRQHandler
                0x080008a8       0x10 CMakeFiles/inter_board_communication.elf.dir/Core/Src/stm32f4xx_it.c.obj
                0x080008a8                CAN1_SCE_IRQHandler
 .text.USART6_IRQHandler
                0x080008b8       0x10 CMakeFiles/inter_board_communication.elf.dir/Core/Src/stm32f4xx_it.c.obj
                0x080008b8                USART6_IRQHandler
 .text._getpid  0x080008c8        0x4 CMakeFiles/inter_board_communication.elf.dir/Core/Src/syscalls.c.obj
                0x080008c8                _getpid
 .text._kill    0x080008cc       0x10 CMakeFiles/inter_board_communication.elf.dir/Core/Src/syscalls.c.obj
                0x080008cc                _kill
 .text._exit    0x080008dc        0xc CMakeFiles/inter_board_communication.elf.dir/Core/Src/syscalls.c.obj
                0x080008dc                _exit
 .text.SystemInit
                0x080008e8        0x2 CMakeFiles/inter_board_communication.elf.dir/Core/Src/system_stm32f4xx.c.obj
                0x080008e8                SystemInit
 *fill*         0x080008ea        0x2 
 .text.MX_USART6_UART_Init
                0x080008ec       0x34 CMakeFiles/inter_board_communication.elf.dir/Core/Src/usart.c.obj
                0x080008ec                MX_USART6_UART_Init
 .text.HAL_UART_MspInit
                0x08000920       0x80 CMakeFiles/inter_board_communication.elf.dir/Core/Src/usart.c.obj
                0x08000920                HAL_UART_MspInit
 .text.Reset_Handler
                0x080009a0       0x50 CMakeFiles/inter_board_communication.elf.dir/Core/Startup/startup_stm32f427iihx.s.obj
                0x080009a0                Reset_Handler
 .text.Default_Handler
                0x080009f0        0x2 CMakeFiles/inter_board_communication.elf.dir/Core/Startup/startup_stm32f427iihx.s.obj
                0x080009f0                DMA1_Stream3_IRQHandler
                0x080009f0                HASH_RNG_IRQHandler
                0x080009f0                EXTI2_IRQHandler
                0x080009f0                TIM8_CC_IRQHandler
                0x080009f0                UART8_IRQHandler
                0x080009f0                SPI4_IRQHandler
                0x080009f0                TIM1_CC_IRQHandler
                0x080009f0                DMA2_Stream5_IRQHandler
                0x080009f0                DMA1_Stream5_IRQHandler
                0x080009f0                PVD_IRQHandler
                0x080009f0                SDIO_IRQHandler
                0x080009f0                TAMP_STAMP_IRQHandler
                0x080009f0                CAN2_RX1_IRQHandler
                0x080009f0                EXTI3_IRQHandler
                0x080009f0                TIM8_TRG_COM_TIM14_IRQHandler
                0x080009f0                TIM1_UP_TIM10_IRQHandler
                0x080009f0                TIM8_UP_TIM13_IRQHandler
                0x080009f0                I2C3_ER_IRQHandler
                0x080009f0                EXTI0_IRQHandler
                0x080009f0                I2C2_EV_IRQHandler
                0x080009f0                DMA1_Stream2_IRQHandler
                0x080009f0                FPU_IRQHandler
                0x080009f0                OTG_HS_WKUP_IRQHandler
                0x080009f0                CAN2_SCE_IRQHandler
                0x080009f0                DMA2_Stream2_IRQHandler
                0x080009f0                SPI1_IRQHandler
                0x080009f0                TIM6_DAC_IRQHandler
                0x080009f0                TIM1_BRK_TIM9_IRQHandler
                0x080009f0                DCMI_IRQHandler
                0x080009f0                CAN2_RX0_IRQHandler
                0x080009f0                DMA2_Stream3_IRQHandler
                0x080009f0                USART3_IRQHandler
                0x080009f0                UART5_IRQHandler
                0x080009f0                DMA2_Stream0_IRQHandler
                0x080009f0                TIM4_IRQHandler
                0x080009f0                I2C1_EV_IRQHandler
                0x080009f0                DMA1_Stream6_IRQHandler
                0x080009f0                DMA1_Stream1_IRQHandler
                0x080009f0                UART4_IRQHandler
                0x080009f0                TIM3_IRQHandler
                0x080009f0                RCC_IRQHandler
                0x080009f0                TIM8_BRK_TIM12_IRQHandler
                0x080009f0                Default_Handler
                0x080009f0                EXTI15_10_IRQHandler
                0x080009f0                ADC_IRQHandler
                0x080009f0                DMA1_Stream7_IRQHandler
                0x080009f0                SPI5_IRQHandler
                0x080009f0                TIM7_IRQHandler
                0x080009f0                CAN2_TX_IRQHandler
                0x080009f0                TIM5_IRQHandler
                0x080009f0                DMA2_Stream7_IRQHandler
                0x080009f0                I2C3_EV_IRQHandler
                0x080009f0                EXTI9_5_IRQHandler
                0x080009f0                RTC_WKUP_IRQHandler
                0x080009f0                ETH_WKUP_IRQHandler
                0x080009f0                SPI2_IRQHandler
                0x080009f0                OTG_HS_EP1_IN_IRQHandler
                0x080009f0                DMA1_Stream0_IRQHandler
                0x080009f0                EXTI4_IRQHandler
                0x080009f0                ETH_IRQHandler
                0x080009f0                OTG_HS_EP1_OUT_IRQHandler
                0x080009f0                WWDG_IRQHandler
                0x080009f0                SPI6_IRQHandler
                0x080009f0                TIM2_IRQHandler
                0x080009f0                OTG_FS_WKUP_IRQHandler
                0x080009f0                TIM1_TRG_COM_TIM11_IRQHandler
                0x080009f0                OTG_HS_IRQHandler
                0x080009f0                DMA2D_IRQHandler
                0x080009f0                EXTI1_IRQHandler
                0x080009f0                UART7_IRQHandler
                0x080009f0                USART2_IRQHandler
                0x080009f0                I2C2_ER_IRQHandler
                0x080009f0                DMA2_Stream1_IRQHandler
                0x080009f0                FLASH_IRQHandler
                0x080009f0                DMA2_Stream4_IRQHandler
                0x080009f0                USART1_IRQHandler
                0x080009f0                OTG_FS_IRQHandler
                0x080009f0                SPI3_IRQHandler
                0x080009f0                DMA1_Stream4_IRQHandler
                0x080009f0                I2C1_ER_IRQHandler
                0x080009f0                FMC_IRQHandler
                0x080009f0                DMA2_Stream6_IRQHandler
                0x080009f0                SAI1_IRQHandler
                0x080009f0                RTC_Alarm_IRQHandler
 *fill*         0x080009f2        0x2 
 .text.HAL_InitTick
                0x080009f4       0x4c CMakeFiles/inter_board_communication.elf.dir/Drivers/STM32F4xx_HAL_Driver/Src/stm32f4xx_hal.c.obj
                0x080009f4                HAL_InitTick
 .text.HAL_Init
                0x08000a40       0x34 CMakeFiles/inter_board_communication.elf.dir/Drivers/STM32F4xx_HAL_Driver/Src/stm32f4xx_hal.c.obj
                0x08000a40                HAL_Init
 .text.HAL_IncTick
                0x08000a74       0x18 CMakeFiles/inter_board_communication.elf.dir/Drivers/STM32F4xx_HAL_Driver/Src/stm32f4xx_hal.c.obj
                0x08000a74                HAL_IncTick
 .text.HAL_GetTick
                0x08000a8c        0xc CMakeFiles/inter_board_communication.elf.dir/Drivers/STM32F4xx_HAL_Driver/Src/stm32f4xx_hal.c.obj
                0x08000a8c                HAL_GetTick
 .text.HAL_CAN_Init
                0x08000a98      0x14c CMakeFiles/inter_board_communication.elf.dir/Drivers/STM32F4xx_HAL_Driver/Src/stm32f4xx_hal_can.c.obj
                0x08000a98                HAL_CAN_Init
 .text.HAL_CAN_ConfigFilter
                0x08000be4      0x13c CMakeFiles/inter_board_communication.elf.dir/Drivers/STM32F4xx_HAL_Driver/Src/stm32f4xx_hal_can.c.obj
                0x08000be4                HAL_CAN_ConfigFilter
 .text.HAL_CAN_Start
                0x08000d20       0x5c CMakeFiles/inter_board_communication.elf.dir/Drivers/STM32F4xx_HAL_Driver/Src/stm32f4xx_hal_can.c.obj
                0x08000d20                HAL_CAN_Start
 .text.HAL_CAN_GetRxMessage
                0x08000d7c      0x16a CMakeFiles/inter_board_communication.elf.dir/Drivers/STM32F4xx_HAL_Driver/Src/stm32f4xx_hal_can.c.obj
                0x08000d7c                HAL_CAN_GetRxMessage
 .text.HAL_CAN_ActivateNotification
                0x08000ee6       0x24 CMakeFiles/inter_board_communication.elf.dir/Drivers/STM32F4xx_HAL_Driver/Src/stm32f4xx_hal_can.c.obj
                0x08000ee6                HAL_CAN_ActivateNotification
 .text.HAL_CAN_TxMailbox0CompleteCallback
                0x08000f0a        0x2 CMakeFiles/inter_board_communication.elf.dir/Drivers/STM32F4xx_HAL_Driver/Src/stm32f4xx_hal_can.c.obj
                0x08000f0a                HAL_CAN_TxMailbox0CompleteCallback
 .text.HAL_CAN_TxMailbox1CompleteCallback
                0x08000f0c        0x2 CMakeFiles/inter_board_communication.elf.dir/Drivers/STM32F4xx_HAL_Driver/Src/stm32f4xx_hal_can.c.obj
                0x08000f0c                HAL_CAN_TxMailbox1CompleteCallback
 .text.HAL_CAN_TxMailbox2CompleteCallback
                0x08000f0e        0x2 CMakeFiles/inter_board_communication.elf.dir/Drivers/STM32F4xx_HAL_Driver/Src/stm32f4xx_hal_can.c.obj
                0x08000f0e                HAL_CAN_TxMailbox2CompleteCallback
 .text.HAL_CAN_TxMailbox0AbortCallback
                0x08000f10        0x2 CMakeFiles/inter_board_communication.elf.dir/Drivers/STM32F4xx_HAL_Driver/Src/stm32f4xx_hal_can.c.obj
                0x08000f10                HAL_CAN_TxMailbox0AbortCallback
 .text.HAL_CAN_TxMailbox1AbortCallback
                0x08000f12        0x2 CMakeFiles/inter_board_communication.elf.dir/Drivers/STM32F4xx_HAL_Driver/Src/stm32f4xx_hal_can.c.obj
                0x08000f12                HAL_CAN_TxMailbox1AbortCallback
 .text.HAL_CAN_TxMailbox2AbortCallback
                0x08000f14        0x2 CMakeFiles/inter_board_communication.elf.dir/Drivers/STM32F4xx_HAL_Driver/Src/stm32f4xx_hal_can.c.obj
                0x08000f14                HAL_CAN_TxMailbox2AbortCallback
 .text.HAL_CAN_RxFifo0FullCallback
                0x08000f16        0x2 CMakeFiles/inter_board_communication.elf.dir/Drivers/STM32F4xx_HAL_Driver/Src/stm32f4xx_hal_can.c.obj
                0x08000f16                HAL_CAN_RxFifo0FullCallback
 .text.HAL_CAN_RxFifo1MsgPendingCallback
                0x08000f18        0x2 CMakeFiles/inter_board_communication.elf.dir/Drivers/STM32F4xx_HAL_Driver/Src/stm32f4xx_hal_can.c.obj
                0x08000f18                HAL_CAN_RxFifo1MsgPendingCallback
 .text.HAL_CAN_RxFifo1FullCallback
                0x08000f1a        0x2 CMakeFiles/inter_board_communication.elf.dir/Drivers/STM32F4xx_HAL_Driver/Src/stm32f4xx_hal_can.c.obj
                0x08000f1a                HAL_CAN_RxFifo1FullCallback
 .text.HAL_CAN_SleepCallback
                0x08000f1c        0x2 CMakeFiles/inter_board_communication.elf.dir/Drivers/STM32F4xx_HAL_Driver/Src/stm32f4xx_hal_can.c.obj
                0x08000f1c                HAL_CAN_SleepCallback
 .text.HAL_CAN_WakeUpFromRxMsgCallback
                0x08000f1e        0x2 CMakeFiles/inter_board_communication.elf.dir/Drivers/STM32F4xx_HAL_Driver/Src/stm32f4xx_hal_can.c.obj
                0x08000f1e                HAL_CAN_WakeUpFromRxMsgCallback
 .text.HAL_CAN_ErrorCallback
                0x08000f20        0x2 CMakeFiles/inter_board_communication.elf.dir/Drivers/STM32F4xx_HAL_Driver/Src/stm32f4xx_hal_can.c.obj
                0x08000f20                HAL_CAN_ErrorCallback
 .text.HAL_CAN_IRQHandler
                0x08000f22      0x250 CMakeFiles/inter_board_communication.elf.dir/Drivers/STM32F4xx_HAL_Driver/Src/stm32f4xx_hal_can.c.obj
                0x08000f22                HAL_CAN_IRQHandler
 *fill*         0x08001172        0x2 
 .text.__NVIC_EnableIRQ
                0x08001174       0x1c CMakeFiles/inter_board_communication.elf.dir/Drivers/STM32F4xx_HAL_Driver/Src/stm32f4xx_hal_cortex.c.obj
 .text.__NVIC_SetPriority
                0x08001190       0x28 CMakeFiles/inter_board_communication.elf.dir/Drivers/STM32F4xx_HAL_Driver/Src/stm32f4xx_hal_cortex.c.obj
 .text.NVIC_EncodePriority
                0x080011b8       0x3e CMakeFiles/inter_board_communication.elf.dir/Drivers/STM32F4xx_HAL_Driver/Src/stm32f4xx_hal_cortex.c.obj
 *fill*         0x080011f6        0x2 
 .text.HAL_NVIC_SetPriorityGrouping
                0x080011f8       0x24 CMakeFiles/inter_board_communication.elf.dir/Drivers/STM32F4xx_HAL_Driver/Src/stm32f4xx_hal_cortex.c.obj
                0x080011f8                HAL_NVIC_SetPriorityGrouping
 .text.HAL_NVIC_SetPriority
                0x0800121c       0x20 CMakeFiles/inter_board_communication.elf.dir/Drivers/STM32F4xx_HAL_Driver/Src/stm32f4xx_hal_cortex.c.obj
                0x0800121c                HAL_NVIC_SetPriority
 .text.HAL_NVIC_EnableIRQ
                0x0800123c        0x8 CMakeFiles/inter_board_communication.elf.dir/Drivers/STM32F4xx_HAL_Driver/Src/stm32f4xx_hal_cortex.c.obj
                0x0800123c                HAL_NVIC_EnableIRQ
 .text.HAL_SYSTICK_Config
                0x08001244       0x28 CMakeFiles/inter_board_communication.elf.dir/Drivers/STM32F4xx_HAL_Driver/Src/stm32f4xx_hal_cortex.c.obj
                0x08001244                HAL_SYSTICK_Config
 .text.HAL_DMA_Abort
                0x0800126c       0x94 CMakeFiles/inter_board_communication.elf.dir/Drivers/STM32F4xx_HAL_Driver/Src/stm32f4xx_hal_dma.c.obj
                0x0800126c                HAL_DMA_Abort
 .text.HAL_DMA_Abort_IT
                0x08001300       0x26 CMakeFiles/inter_board_communication.elf.dir/Drivers/STM32F4xx_HAL_Driver/Src/stm32f4xx_hal_dma.c.obj
                0x08001300                HAL_DMA_Abort_IT
 *fill*         0x08001326        0x2 
 .text.HAL_GPIO_Init
                0x08001328      0x20c CMakeFiles/inter_board_communication.elf.dir/Drivers/STM32F4xx_HAL_Driver/Src/stm32f4xx_hal_gpio.c.obj
                0x08001328                HAL_GPIO_Init
 .text.HAL_GPIO_WritePin
                0x08001534        0xc CMakeFiles/inter_board_communication.elf.dir/Drivers/STM32F4xx_HAL_Driver/Src/stm32f4xx_hal_gpio.c.obj
                0x08001534                HAL_GPIO_WritePin
 .text.HAL_GPIO_TogglePin
                0x08001540       0x12 CMakeFiles/inter_board_communication.elf.dir/Drivers/STM32F4xx_HAL_Driver/Src/stm32f4xx_hal_gpio.c.obj
                0x08001540                HAL_GPIO_TogglePin
 *fill*         0x08001552        0x2 
 .text.HAL_PWREx_EnableOverDrive
                0x08001554       0x7c CMakeFiles/inter_board_communication.elf.dir/Drivers/STM32F4xx_HAL_Driver/Src/stm32f4xx_hal_pwr_ex.c.obj
                0x08001554                HAL_PWREx_EnableOverDrive
 .text.HAL_RCC_OscConfig
                0x080015d0      0x3f8 CMakeFiles/inter_board_communication.elf.dir/Drivers/STM32F4xx_HAL_Driver/Src/stm32f4xx_hal_rcc.c.obj
                0x080015d0                HAL_RCC_OscConfig
 .text.HAL_RCC_GetSysClockFreq
                0x080019c8       0xa8 CMakeFiles/inter_board_communication.elf.dir/Drivers/STM32F4xx_HAL_Driver/Src/stm32f4xx_hal_rcc.c.obj
                0x080019c8                HAL_RCC_GetSysClockFreq
 .text.HAL_RCC_ClockConfig
                0x08001a70      0x160 CMakeFiles/inter_board_communication.elf.dir/Drivers/STM32F4xx_HAL_Driver/Src/stm32f4xx_hal_rcc.c.obj
                0x08001a70                HAL_RCC_ClockConfig
 .text.HAL_RCC_GetHCLKFreq
                0x08001bd0        0xc CMakeFiles/inter_board_communication.elf.dir/Drivers/STM32F4xx_HAL_Driver/Src/stm32f4xx_hal_rcc.c.obj
                0x08001bd0                HAL_RCC_GetHCLKFreq
 .text.HAL_RCC_GetPCLK1Freq
                0x08001bdc       0x20 CMakeFiles/inter_board_communication.elf.dir/Drivers/STM32F4xx_HAL_Driver/Src/stm32f4xx_hal_rcc.c.obj
                0x08001bdc                HAL_RCC_GetPCLK1Freq
 .text.HAL_RCC_GetPCLK2Freq
                0x08001bfc       0x20 CMakeFiles/inter_board_communication.elf.dir/Drivers/STM32F4xx_HAL_Driver/Src/stm32f4xx_hal_rcc.c.obj
                0x08001bfc                HAL_RCC_GetPCLK2Freq
 .text.UART_EndRxTransfer
                0x08001c1c       0x5c CMakeFiles/inter_board_communication.elf.dir/Drivers/STM32F4xx_HAL_Driver/Src/stm32f4xx_hal_uart.c.obj
 .text.UART_Transmit_IT
                0x08001c78       0x60 CMakeFiles/inter_board_communication.elf.dir/Drivers/STM32F4xx_HAL_Driver/Src/stm32f4xx_hal_uart.c.obj
 .text.UART_SetConfig
                0x08001cd8      0x110 CMakeFiles/inter_board_communication.elf.dir/Drivers/STM32F4xx_HAL_Driver/Src/stm32f4xx_hal_uart.c.obj
 .text.HAL_UART_Init
                0x08001de8       0x60 CMakeFiles/inter_board_communication.elf.dir/Drivers/STM32F4xx_HAL_Driver/Src/stm32f4xx_hal_uart.c.obj
                0x08001de8                HAL_UART_Init
 .text.HAL_UART_TxCpltCallback
                0x08001e48        0x2 CMakeFiles/inter_board_communication.elf.dir/Drivers/STM32F4xx_HAL_Driver/Src/stm32f4xx_hal_uart.c.obj
                0x08001e48                HAL_UART_TxCpltCallback
 .text.UART_EndTransmit_IT
                0x08001e4a       0x1a CMakeFiles/inter_board_communication.elf.dir/Drivers/STM32F4xx_HAL_Driver/Src/stm32f4xx_hal_uart.c.obj
 .text.HAL_UART_RxCpltCallback
                0x08001e64        0x2 CMakeFiles/inter_board_communication.elf.dir/Drivers/STM32F4xx_HAL_Driver/Src/stm32f4xx_hal_uart.c.obj
                0x08001e64                HAL_UART_RxCpltCallback
 .text.HAL_UART_ErrorCallback
                0x08001e66        0x2 CMakeFiles/inter_board_communication.elf.dir/Drivers/STM32F4xx_HAL_Driver/Src/stm32f4xx_hal_uart.c.obj
                0x08001e66                HAL_UART_ErrorCallback
 .text.UART_DMAAbortOnError
                0x08001e68       0x10 CMakeFiles/inter_board_communication.elf.dir/Drivers/STM32F4xx_HAL_Driver/Src/stm32f4xx_hal_uart.c.obj
 .text.HAL_UARTEx_RxEventCallback
                0x08001e78        0x2 CMakeFiles/inter_board_communication.elf.dir/Drivers/STM32F4xx_HAL_Driver/Src/stm32f4xx_hal_uart.c.obj
                0x08001e78                HAL_UARTEx_RxEventCallback
 .text.UART_Receive_IT
                0x08001e7a       0xe6 CMakeFiles/inter_board_communication.elf.dir/Drivers/STM32F4xx_HAL_Driver/Src/stm32f4xx_hal_uart.c.obj
 .text.HAL_UART_IRQHandler
                0x08001f60      0x284 CMakeFiles/inter_board_communication.elf.dir/Drivers/STM32F4xx_HAL_Driver/Src/stm32f4xx_hal_uart.c.obj
                0x08001f60                HAL_UART_IRQHandler
 .text.__udivmoddi4
                0x080021e4      0x2bc /Applications/ArmGNUToolchain/13.3.rel1/arm-none-eabi/bin/../lib/gcc/arm-none-eabi/13.3.1/thumb/v7e-m/nofp/libgcc.a(_udivmoddi4.o)
                0x080021e4                __udivmoddi4
 .text.selfrel_offset31
                0x080024a0       0x14 /Applications/ArmGNUToolchain/13.3.rel1/arm-none-eabi/bin/../lib/gcc/arm-none-eabi/13.3.1/thumb/v7e-m/nofp/libgcc.a(unwind-arm.o)
 .text.search_EIT_table
                0x080024b4       0x68 /Applications/ArmGNUToolchain/13.3.rel1/arm-none-eabi/bin/../lib/gcc/arm-none-eabi/13.3.1/thumb/v7e-m/nofp/libgcc.a(unwind-arm.o)
 .text.__gnu_unwind_get_pr_addr
                0x0800251c       0x28 /Applications/ArmGNUToolchain/13.3.rel1/arm-none-eabi/bin/../lib/gcc/arm-none-eabi/13.3.1/thumb/v7e-m/nofp/libgcc.a(unwind-arm.o)
 .text.get_eit_entry
                0x08002544       0x98 /Applications/ArmGNUToolchain/13.3.rel1/arm-none-eabi/bin/../lib/gcc/arm-none-eabi/13.3.1/thumb/v7e-m/nofp/libgcc.a(unwind-arm.o)
 .text.restore_non_core_regs
                0x080025dc       0x58 /Applications/ArmGNUToolchain/13.3.rel1/arm-none-eabi/bin/../lib/gcc/arm-none-eabi/13.3.1/thumb/v7e-m/nofp/libgcc.a(unwind-arm.o)
 .text._Unwind_decode_typeinfo_ptr.constprop.0
                0x08002634        0xc /Applications/ArmGNUToolchain/13.3.rel1/arm-none-eabi/bin/../lib/gcc/arm-none-eabi/13.3.1/thumb/v7e-m/nofp/libgcc.a(unwind-arm.o)
 .text._Unwind_DebugHook
                0x08002640        0x4 /Applications/ArmGNUToolchain/13.3.rel1/arm-none-eabi/bin/../lib/gcc/arm-none-eabi/13.3.1/thumb/v7e-m/nofp/libgcc.a(unwind-arm.o)
 .text.unwind_phase2
                0x08002644       0x3c /Applications/ArmGNUToolchain/13.3.rel1/arm-none-eabi/bin/../lib/gcc/arm-none-eabi/13.3.1/thumb/v7e-m/nofp/libgcc.a(unwind-arm.o)
 .text.unwind_phase2_forced
                0x08002680       0xd8 /Applications/ArmGNUToolchain/13.3.rel1/arm-none-eabi/bin/../lib/gcc/arm-none-eabi/13.3.1/thumb/v7e-m/nofp/libgcc.a(unwind-arm.o)
 .text.__gnu_Unwind_RaiseException
                0x08002758       0x68 /Applications/ArmGNUToolchain/13.3.rel1/arm-none-eabi/bin/../lib/gcc/arm-none-eabi/13.3.1/thumb/v7e-m/nofp/libgcc.a(unwind-arm.o)
                0x08002758                __gnu_Unwind_RaiseException
 .text.__gnu_Unwind_ForcedUnwind
                0x080027c0       0x10 /Applications/ArmGNUToolchain/13.3.rel1/arm-none-eabi/bin/../lib/gcc/arm-none-eabi/13.3.1/thumb/v7e-m/nofp/libgcc.a(unwind-arm.o)
                0x080027c0                __gnu_Unwind_ForcedUnwind
 .text.__gnu_Unwind_Resume
                0x080027d0       0x44 /Applications/ArmGNUToolchain/13.3.rel1/arm-none-eabi/bin/../lib/gcc/arm-none-eabi/13.3.1/thumb/v7e-m/nofp/libgcc.a(unwind-arm.o)
                0x080027d0                __gnu_Unwind_Resume
 .text.__gnu_Unwind_Resume_or_Rethrow
                0x08002814       0x14 /Applications/ArmGNUToolchain/13.3.rel1/arm-none-eabi/bin/../lib/gcc/arm-none-eabi/13.3.1/thumb/v7e-m/nofp/libgcc.a(unwind-arm.o)
                0x08002814                __gnu_Unwind_Resume_or_Rethrow
 .text._Unwind_VRS_Get
                0x08002828       0x34 /Applications/ArmGNUToolchain/13.3.rel1/arm-none-eabi/bin/../lib/gcc/arm-none-eabi/13.3.1/thumb/v7e-m/nofp/libgcc.a(unwind-arm.o)
                0x08002828                _Unwind_VRS_Get
 .text._Unwind_GetGR
                0x0800285c       0x1c /Applications/ArmGNUToolchain/13.3.rel1/arm-none-eabi/bin/../lib/gcc/arm-none-eabi/13.3.1/thumb/v7e-m/nofp/libgcc.a(unwind-arm.o)
 .text._Unwind_VRS_Set
                0x08002878       0x34 /Applications/ArmGNUToolchain/13.3.rel1/arm-none-eabi/bin/../lib/gcc/arm-none-eabi/13.3.1/thumb/v7e-m/nofp/libgcc.a(unwind-arm.o)
                0x08002878                _Unwind_VRS_Set
 .text._Unwind_SetGR
                0x080028ac       0x18 /Applications/ArmGNUToolchain/13.3.rel1/arm-none-eabi/bin/../lib/gcc/arm-none-eabi/13.3.1/thumb/v7e-m/nofp/libgcc.a(unwind-arm.o)
 .text.__gnu_Unwind_Backtrace
                0x080028c4       0x84 /Applications/ArmGNUToolchain/13.3.rel1/arm-none-eabi/bin/../lib/gcc/arm-none-eabi/13.3.1/thumb/v7e-m/nofp/libgcc.a(unwind-arm.o)
                0x080028c4                __gnu_Unwind_Backtrace
 .text.__gnu_unwind_pr_common
                0x08002948      0x2a4 /Applications/ArmGNUToolchain/13.3.rel1/arm-none-eabi/bin/../lib/gcc/arm-none-eabi/13.3.1/thumb/v7e-m/nofp/libgcc.a(unwind-arm.o)
 .text.__aeabi_unwind_cpp_pr0
                0x08002bec        0x8 /Applications/ArmGNUToolchain/13.3.rel1/arm-none-eabi/bin/../lib/gcc/arm-none-eabi/13.3.1/thumb/v7e-m/nofp/libgcc.a(unwind-arm.o)
                0x08002bec                __aeabi_unwind_cpp_pr0
 .text.__aeabi_unwind_cpp_pr1
                0x08002bf4        0x8 /Applications/ArmGNUToolchain/13.3.rel1/arm-none-eabi/bin/../lib/gcc/arm-none-eabi/13.3.1/thumb/v7e-m/nofp/libgcc.a(unwind-arm.o)
                0x08002bf4                __aeabi_unwind_cpp_pr1
 .text.__aeabi_unwind_cpp_pr2
                0x08002bfc        0x8 /Applications/ArmGNUToolchain/13.3.rel1/arm-none-eabi/bin/../lib/gcc/arm-none-eabi/13.3.1/thumb/v7e-m/nofp/libgcc.a(unwind-arm.o)
                0x08002bfc                __aeabi_unwind_cpp_pr2
 .text._Unwind_VRS_Pop
                0x08002c04      0x2f0 /Applications/ArmGNUToolchain/13.3.rel1/arm-none-eabi/bin/../lib/gcc/arm-none-eabi/13.3.1/thumb/v7e-m/nofp/libgcc.a(unwind-arm.o)
                0x08002c04                _Unwind_VRS_Pop
 .text.next_unwind_byte
                0x08002ef4       0x38 /Applications/ArmGNUToolchain/13.3.rel1/arm-none-eabi/bin/../lib/gcc/arm-none-eabi/13.3.1/thumb/v7e-m/nofp/libgcc.a(pr-support.o)
 .text.__gnu_unwind_execute
                0x08002f2c      0x2fc /Applications/ArmGNUToolchain/13.3.rel1/arm-none-eabi/bin/../lib/gcc/arm-none-eabi/13.3.1/thumb/v7e-m/nofp/libgcc.a(pr-support.o)
                0x08002f2c                __gnu_unwind_execute
 .text.abort    0x08003228       0x10 /Applications/ArmGNUToolchain/13.3.rel1/arm-none-eabi/bin/../lib/gcc/arm-none-eabi/13.3.1/../../../../arm-none-eabi/lib/thumb/v7e-m/nofp/libc.a(libc_a-abort.o)
                0x08003228                abort
 .text.memset   0x08003238       0xa4 /Applications/ArmGNUToolchain/13.3.rel1/arm-none-eabi/bin/../lib/gcc/arm-none-eabi/13.3.1/../../../../arm-none-eabi/lib/thumb/v7e-m/nofp/libc.a(libc_a-memset.o)
                0x08003238                memset
 .text.raise    0x080032dc       0x58 /Applications/ArmGNUToolchain/13.3.rel1/arm-none-eabi/bin/../lib/gcc/arm-none-eabi/13.3.1/../../../../arm-none-eabi/lib/thumb/v7e-m/nofp/libc.a(libc_a-signal.o)
                0x080032dc                raise
 .text._kill_r  0x08003334       0x2c /Applications/ArmGNUToolchain/13.3.rel1/arm-none-eabi/bin/../lib/gcc/arm-none-eabi/13.3.1/../../../../arm-none-eabi/lib/thumb/v7e-m/nofp/libc.a(libc_a-signalr.o)
                0x08003334                _kill_r
 .text._getpid_r
                0x08003360        0x4 /Applications/ArmGNUToolchain/13.3.rel1/arm-none-eabi/bin/../lib/gcc/arm-none-eabi/13.3.1/../../../../arm-none-eabi/lib/thumb/v7e-m/nofp/libc.a(libc_a-signalr.o)
                0x08003360                _getpid_r
 .text.__errno  0x08003364        0xc /Applications/ArmGNUToolchain/13.3.rel1/arm-none-eabi/bin/../lib/gcc/arm-none-eabi/13.3.1/../../../../arm-none-eabi/lib/thumb/v7e-m/nofp/libc.a(libc_a-errno.o)
                0x08003364                __errno
 .text.__libc_init_array
                0x08003370       0x50 /Applications/ArmGNUToolchain/13.3.rel1/arm-none-eabi/bin/../lib/gcc/arm-none-eabi/13.3.1/../../../../arm-none-eabi/lib/thumb/v7e-m/nofp/libc.a(libc_a-init.o)
                0x08003370                __libc_init_array
 .text.__retarget_lock_acquire_recursive
                0x080033c0        0x4 /Applications/ArmGNUToolchain/13.3.rel1/arm-none-eabi/bin/../lib/gcc/arm-none-eabi/13.3.1/../../../../arm-none-eabi/lib/thumb/v7e-m/nofp/libc.a(libc_a-lock.o)
                0x080033c0                __retarget_lock_acquire_recursive
 .text.__retarget_lock_release_recursive
                0x080033c4        0x4 /Applications/ArmGNUToolchain/13.3.rel1/arm-none-eabi/bin/../lib/gcc/arm-none-eabi/13.3.1/../../../../arm-none-eabi/lib/thumb/v7e-m/nofp/libc.a(libc_a-lock.o)
                0x080033c4                __retarget_lock_release_recursive
 .text.startup.register_fini
                0x080033c8       0x14 /Applications/ArmGNUToolchain/13.3.rel1/arm-none-eabi/bin/../lib/gcc/arm-none-eabi/13.3.1/../../../../arm-none-eabi/lib/thumb/v7e-m/nofp/libc.a(libc_a-__call_atexit.o)
 .text.atexit   0x080033dc        0xc /Applications/ArmGNUToolchain/13.3.rel1/arm-none-eabi/bin/../lib/gcc/arm-none-eabi/13.3.1/../../../../arm-none-eabi/lib/thumb/v7e-m/nofp/libc.a(libc_a-atexit.o)
                0x080033dc                atexit
 .text.__libc_fini_array
                0x080033e8       0x28 /Applications/ArmGNUToolchain/13.3.rel1/arm-none-eabi/bin/../lib/gcc/arm-none-eabi/13.3.1/../../../../arm-none-eabi/lib/thumb/v7e-m/nofp/libc.a(libc_a-fini.o)
                0x080033e8                __libc_fini_array
 .text.__register_exitproc
                0x08003410       0x80 /Applications/ArmGNUToolchain/13.3.rel1/arm-none-eabi/bin/../lib/gcc/arm-none-eabi/13.3.1/../../../../arm-none-eabi/lib/thumb/v7e-m/nofp/libc.a(libc_a-__atexit.o)
                0x08003410                __register_exitproc
 *(.glue_7)
 .glue_7        0x08003490        0x0 linker stubs
 *(.glue_7t)
 .glue_7t       0x08003490        0x0 linker stubs
 *(.eh_frame)
 .eh_frame      0x08003490        0x0 /Applications/ArmGNUToolchain/13.3.rel1/arm-none-eabi/bin/../lib/gcc/arm-none-eabi/13.3.1/thumb/v7e-m/nofp/crtbegin.o
 *(.init)
 .init          0x08003490        0x4 /Applications/ArmGNUToolchain/13.3.rel1/arm-none-eabi/bin/../lib/gcc/arm-none-eabi/13.3.1/thumb/v7e-m/nofp/crti.o
                0x08003490                _init
 .init          0x08003494        0x8 /Applications/ArmGNUToolchain/13.3.rel1/arm-none-eabi/bin/../lib/gcc/arm-none-eabi/13.3.1/thumb/v7e-m/nofp/crtn.o
 *(.fini)
 .fini          0x0800349c        0x4 /Applications/ArmGNUToolchain/13.3.rel1/arm-none-eabi/bin/../lib/gcc/arm-none-eabi/13.3.1/thumb/v7e-m/nofp/crti.o
                0x0800349c                _fini
 .fini          0x080034a0        0x8 /Applications/ArmGNUToolchain/13.3.rel1/arm-none-eabi/bin/../lib/gcc/arm-none-eabi/13.3.1/thumb/v7e-m/nofp/crtn.o
                0x080034a8                        . = ALIGN (0x4)
                0x080034a8                        _etext = .

.vfp11_veneer   0x080034a8        0x0
 .vfp11_veneer  0x080034a8        0x0 linker stubs

.v4_bx          0x080034a8        0x0
 .v4_bx         0x080034a8        0x0 linker stubs

.iplt           0x080034a8        0x0
 .iplt          0x080034a8        0x0 /Applications/ArmGNUToolchain/13.3.rel1/arm-none-eabi/bin/../lib/gcc/arm-none-eabi/13.3.1/thumb/v7e-m/nofp/crtbegin.o

.rodata         0x080034a8       0x18
                0x080034a8                        . = ALIGN (0x4)
 *(.rodata)
 *(.rodata*)
 .rodata.APBPrescTable
                0x080034a8        0x8 CMakeFiles/inter_board_communication.elf.dir/Core/Src/system_stm32f4xx.c.obj
                0x080034a8                APBPrescTable
 .rodata.AHBPrescTable
                0x080034b0       0x10 CMakeFiles/inter_board_communication.elf.dir/Core/Src/system_stm32f4xx.c.obj
                0x080034b0                AHBPrescTable
                0x080034c0                        . = ALIGN (0x4)

.ARM.extab
 *(.ARM.extab* .gnu.linkonce.armextab.*)

.ARM            0x080034c0       0x98
                0x080034c0                        __exidx_start = .
 *(.ARM.exidx*)
 .ARM.exidx     0x080034c0        0x8 /Applications/ArmGNUToolchain/13.3.rel1/arm-none-eabi/bin/../lib/gcc/arm-none-eabi/13.3.1/../../../../arm-none-eabi/lib/thumb/v7e-m/nofp/libc.a(libc_a-memcpy.o)
 .ARM.exidx.text.HAL_CAN_RxFifo0MsgPendingCallback
                0x080034c8       0x10 CMakeFiles/inter_board_communication.elf.dir/Core/Src/callback.cpp.obj
                                  0x8 (size before relaxing)
 .ARM.exidx.text.__udivmoddi4
                0x080034d8        0x0 /Applications/ArmGNUToolchain/13.3.rel1/arm-none-eabi/bin/../lib/gcc/arm-none-eabi/13.3.1/thumb/v7e-m/nofp/libgcc.a(_udivmoddi4.o)
                                  0x8 (size before relaxing)
 .ARM.exidx.text.selfrel_offset31
                0x080034d8        0x0 /Applications/ArmGNUToolchain/13.3.rel1/arm-none-eabi/bin/../lib/gcc/arm-none-eabi/13.3.1/thumb/v7e-m/nofp/libgcc.a(unwind-arm.o)
                                  0x8 (size before relaxing)
 .ARM.exidx.text.search_EIT_table
                0x080034d8        0x0 /Applications/ArmGNUToolchain/13.3.rel1/arm-none-eabi/bin/../lib/gcc/arm-none-eabi/13.3.1/thumb/v7e-m/nofp/libgcc.a(unwind-arm.o)
                                  0x8 (size before relaxing)
 .ARM.exidx.text.__gnu_unwind_get_pr_addr
                0x080034d8        0x0 /Applications/ArmGNUToolchain/13.3.rel1/arm-none-eabi/bin/../lib/gcc/arm-none-eabi/13.3.1/thumb/v7e-m/nofp/libgcc.a(unwind-arm.o)
                                  0x8 (size before relaxing)
 .ARM.exidx.text.get_eit_entry
                0x080034d8        0x8 /Applications/ArmGNUToolchain/13.3.rel1/arm-none-eabi/bin/../lib/gcc/arm-none-eabi/13.3.1/thumb/v7e-m/nofp/libgcc.a(unwind-arm.o)
 .ARM.exidx.text.restore_non_core_regs
                0x080034e0        0x8 /Applications/ArmGNUToolchain/13.3.rel1/arm-none-eabi/bin/../lib/gcc/arm-none-eabi/13.3.1/thumb/v7e-m/nofp/libgcc.a(unwind-arm.o)
 .ARM.exidx.text._Unwind_decode_typeinfo_ptr.constprop.0
                0x080034e8        0x8 /Applications/ArmGNUToolchain/13.3.rel1/arm-none-eabi/bin/../lib/gcc/arm-none-eabi/13.3.1/thumb/v7e-m/nofp/libgcc.a(unwind-arm.o)
 .ARM.exidx.text._Unwind_DebugHook
                0x080034f0        0x0 /Applications/ArmGNUToolchain/13.3.rel1/arm-none-eabi/bin/../lib/gcc/arm-none-eabi/13.3.1/thumb/v7e-m/nofp/libgcc.a(unwind-arm.o)
                                  0x8 (size before relaxing)
 .ARM.exidx.text.unwind_phase2
                0x080034f0        0x8 /Applications/ArmGNUToolchain/13.3.rel1/arm-none-eabi/bin/../lib/gcc/arm-none-eabi/13.3.1/thumb/v7e-m/nofp/libgcc.a(unwind-arm.o)
 .ARM.exidx.text.unwind_phase2_forced
                0x080034f8        0x8 /Applications/ArmGNUToolchain/13.3.rel1/arm-none-eabi/bin/../lib/gcc/arm-none-eabi/13.3.1/thumb/v7e-m/nofp/libgcc.a(unwind-arm.o)
 .ARM.exidx.text.__gnu_Unwind_RaiseException
                0x08003500        0x8 /Applications/ArmGNUToolchain/13.3.rel1/arm-none-eabi/bin/../lib/gcc/arm-none-eabi/13.3.1/thumb/v7e-m/nofp/libgcc.a(unwind-arm.o)
 .ARM.exidx.text.__gnu_Unwind_ForcedUnwind
                0x08003508        0x8 /Applications/ArmGNUToolchain/13.3.rel1/arm-none-eabi/bin/../lib/gcc/arm-none-eabi/13.3.1/thumb/v7e-m/nofp/libgcc.a(unwind-arm.o)
 .ARM.exidx.text.__gnu_Unwind_Resume
                0x08003510        0x8 /Applications/ArmGNUToolchain/13.3.rel1/arm-none-eabi/bin/../lib/gcc/arm-none-eabi/13.3.1/thumb/v7e-m/nofp/libgcc.a(unwind-arm.o)
 .ARM.exidx.text.__gnu_Unwind_Resume_or_Rethrow
                0x08003518        0x8 /Applications/ArmGNUToolchain/13.3.rel1/arm-none-eabi/bin/../lib/gcc/arm-none-eabi/13.3.1/thumb/v7e-m/nofp/libgcc.a(unwind-arm.o)
 .ARM.exidx.text._Unwind_VRS_Get
                0x08003520        0x0 /Applications/ArmGNUToolchain/13.3.rel1/arm-none-eabi/bin/../lib/gcc/arm-none-eabi/13.3.1/thumb/v7e-m/nofp/libgcc.a(unwind-arm.o)
                                  0x8 (size before relaxing)
 .ARM.exidx.text._Unwind_GetGR
                0x08003520        0x0 /Applications/ArmGNUToolchain/13.3.rel1/arm-none-eabi/bin/../lib/gcc/arm-none-eabi/13.3.1/thumb/v7e-m/nofp/libgcc.a(unwind-arm.o)
                                  0x8 (size before relaxing)
 .ARM.exidx.text._Unwind_VRS_Set
                0x08003520        0x0 /Applications/ArmGNUToolchain/13.3.rel1/arm-none-eabi/bin/../lib/gcc/arm-none-eabi/13.3.1/thumb/v7e-m/nofp/libgcc.a(unwind-arm.o)
                                  0x8 (size before relaxing)
 .ARM.exidx.text._Unwind_SetGR
                0x08003520        0x0 /Applications/ArmGNUToolchain/13.3.rel1/arm-none-eabi/bin/../lib/gcc/arm-none-eabi/13.3.1/thumb/v7e-m/nofp/libgcc.a(unwind-arm.o)
                                  0x8 (size before relaxing)
 .ARM.exidx.text.__gnu_Unwind_Backtrace
                0x08003520        0x8 /Applications/ArmGNUToolchain/13.3.rel1/arm-none-eabi/bin/../lib/gcc/arm-none-eabi/13.3.1/thumb/v7e-m/nofp/libgcc.a(unwind-arm.o)
 .ARM.exidx.text.__gnu_unwind_pr_common
                0x08003528        0x8 /Applications/ArmGNUToolchain/13.3.rel1/arm-none-eabi/bin/../lib/gcc/arm-none-eabi/13.3.1/thumb/v7e-m/nofp/libgcc.a(unwind-arm.o)
 .ARM.exidx.text.__aeabi_unwind_cpp_pr0
                0x08003530        0x8 /Applications/ArmGNUToolchain/13.3.rel1/arm-none-eabi/bin/../lib/gcc/arm-none-eabi/13.3.1/thumb/v7e-m/nofp/libgcc.a(unwind-arm.o)
 .ARM.exidx.text.__aeabi_unwind_cpp_pr1
                0x08003538        0x0 /Applications/ArmGNUToolchain/13.3.rel1/arm-none-eabi/bin/../lib/gcc/arm-none-eabi/13.3.1/thumb/v7e-m/nofp/libgcc.a(unwind-arm.o)
                                  0x8 (size before relaxing)
 .ARM.exidx.text.__aeabi_unwind_cpp_pr2
                0x08003538        0x0 /Applications/ArmGNUToolchain/13.3.rel1/arm-none-eabi/bin/../lib/gcc/arm-none-eabi/13.3.1/thumb/v7e-m/nofp/libgcc.a(unwind-arm.o)
                                  0x8 (size before relaxing)
 .ARM.exidx.text._Unwind_VRS_Pop
                0x08003538        0x8 /Applications/ArmGNUToolchain/13.3.rel1/arm-none-eabi/bin/../lib/gcc/arm-none-eabi/13.3.1/thumb/v7e-m/nofp/libgcc.a(unwind-arm.o)
 .ARM.exidx.text.next_unwind_byte
                0x08003540        0x8 /Applications/ArmGNUToolchain/13.3.rel1/arm-none-eabi/bin/../lib/gcc/arm-none-eabi/13.3.1/thumb/v7e-m/nofp/libgcc.a(pr-support.o)
 .ARM.exidx.text.__gnu_unwind_execute
                0x08003548       0x10 /Applications/ArmGNUToolchain/13.3.rel1/arm-none-eabi/bin/../lib/gcc/arm-none-eabi/13.3.1/thumb/v7e-m/nofp/libgcc.a(pr-support.o)
                                  0x8 (size before relaxing)
                0x08003558                        __exidx_end = .

.rel.dyn        0x08003558        0x0
 .rel.iplt      0x08003558        0x0 /Applications/ArmGNUToolchain/13.3.rel1/arm-none-eabi/bin/../lib/gcc/arm-none-eabi/13.3.1/thumb/v7e-m/nofp/crtbegin.o

.preinit_array  0x08003558        0x0
                0x08003558                        PROVIDE (__preinit_array_start = .)
 *(.preinit_array*)
                0x08003558                        PROVIDE (__preinit_array_end = .)

.init_array     0x08003558        0x8
                0x08003558                        PROVIDE (__init_array_start = .)
 *(SORT_BY_NAME(.init_array.*))
 .init_array.00000
                0x08003558        0x4 /Applications/ArmGNUToolchain/13.3.rel1/arm-none-eabi/bin/../lib/gcc/arm-none-eabi/13.3.1/../../../../arm-none-eabi/lib/thumb/v7e-m/nofp/libc.a(libc_a-__call_atexit.o)
 *(.init_array*)
 .init_array    0x0800355c        0x4 /Applications/ArmGNUToolchain/13.3.rel1/arm-none-eabi/bin/../lib/gcc/arm-none-eabi/13.3.1/thumb/v7e-m/nofp/crtbegin.o
                0x08003560                        PROVIDE (__init_array_end = .)

.fini_array     0x08003560        0x4
                0x08003560                        PROVIDE (__fini_array_start = .)
 *(SORT_BY_NAME(.fini_array.*))
 *(.fini_array*)
 .fini_array    0x08003560        0x4 /Applications/ArmGNUToolchain/13.3.rel1/arm-none-eabi/bin/../lib/gcc/arm-none-eabi/13.3.1/thumb/v7e-m/nofp/crtbegin.o
                0x08003564                        PROVIDE (__fini_array_end = .)
                0x08003564                        _sidata = LOADADDR (.data)

.data           0x20000000      0x17c load address 0x08003564
                0x20000000                        . = ALIGN (0x4)
                0x20000000                        _sdata = .
 *(.data)
 *(.data*)
 .data.FilterConfig
                0x20000000       0x28 CMakeFiles/inter_board_communication.elf.dir/Core/Src/main.c.obj
                0x20000000                FilterConfig
 .data.SystemCoreClock
                0x20000028        0x4 CMakeFiles/inter_board_communication.elf.dir/Core/Src/system_stm32f4xx.c.obj
                0x20000028                SystemCoreClock
 .data.uwTickFreq
                0x2000002c        0x1 CMakeFiles/inter_board_communication.elf.dir/Drivers/STM32F4xx_HAL_Driver/Src/stm32f4xx_hal.c.obj
                0x2000002c                uwTickFreq
 *fill*         0x2000002d        0x3 
 .data.uwTickPrio
                0x20000030        0x4 CMakeFiles/inter_board_communication.elf.dir/Drivers/STM32F4xx_HAL_Driver/Src/stm32f4xx_hal.c.obj
                0x20000030                uwTickPrio
 .data._impure_ptr
                0x20000034        0x4 /Applications/ArmGNUToolchain/13.3.rel1/arm-none-eabi/bin/../lib/gcc/arm-none-eabi/13.3.1/../../../../arm-none-eabi/lib/thumb/v7e-m/nofp/libc.a(libc_a-impure.o)
                0x20000034                _impure_ptr
 .data._impure_data
                0x20000038      0x140 /Applications/ArmGNUToolchain/13.3.rel1/arm-none-eabi/bin/../lib/gcc/arm-none-eabi/13.3.1/../../../../arm-none-eabi/lib/thumb/v7e-m/nofp/libc.a(libc_a-impure.o)
                0x20000038                _impure_data
 .data.__atexit_recursive_mutex
                0x20000178        0x4 /Applications/ArmGNUToolchain/13.3.rel1/arm-none-eabi/bin/../lib/gcc/arm-none-eabi/13.3.1/../../../../arm-none-eabi/lib/thumb/v7e-m/nofp/libc.a(libc_a-__call_atexit.o)
                0x20000178                __atexit_recursive_mutex
                0x2000017c                        . = ALIGN (0x4)
                0x2000017c                        _edata = .
                0x080036e0                        _siccmram = LOADADDR (.ccmram)

.tm_clone_table
                0x2000017c        0x0 load address 0x080036e0
 .tm_clone_table
                0x2000017c        0x0 /Applications/ArmGNUToolchain/13.3.rel1/arm-none-eabi/bin/../lib/gcc/arm-none-eabi/13.3.1/thumb/v7e-m/nofp/crtbegin.o
 .tm_clone_table
                0x2000017c        0x0 /Applications/ArmGNUToolchain/13.3.rel1/arm-none-eabi/bin/../lib/gcc/arm-none-eabi/13.3.1/thumb/v7e-m/nofp/crtend.o

.igot.plt       0x2000017c        0x0 load address 0x080036e0
 .igot.plt      0x2000017c        0x0 /Applications/ArmGNUToolchain/13.3.rel1/arm-none-eabi/bin/../lib/gcc/arm-none-eabi/13.3.1/thumb/v7e-m/nofp/crtbegin.o

.ccmram         0x10000000        0x0 load address 0x080036e0
                0x10000000                        . = ALIGN (0x4)
                0x10000000                        _sccmram = .
 *(.ccmram)
 *(.ccmram*)
                0x10000000                        . = ALIGN (0x4)
                0x10000000                        _eccmram = .
                0x10000000                        . = ALIGN (0x4)

.bss            0x2000017c      0x384
                0x2000017c                        _sbss = .
                0x2000017c                        __bss_start__ = _sbss
 *(.bss)
 *(.bss*)
 .bss.completed.1
                0x2000017c        0x1 /Applications/ArmGNUToolchain/13.3.rel1/arm-none-eabi/bin/../lib/gcc/arm-none-eabi/13.3.1/thumb/v7e-m/nofp/crtbegin.o
 *fill*         0x2000017d        0x3 
 .bss.object.0  0x20000180       0x18 /Applications/ArmGNUToolchain/13.3.rel1/arm-none-eabi/bin/../lib/gcc/arm-none-eabi/13.3.1/thumb/v7e-m/nofp/crtbegin.o
 .bss.hcan1     0x20000198       0x28 CMakeFiles/inter_board_communication.elf.dir/Core/Src/can.c.obj
                0x20000198                hcan1
 .bss.RxHeader  0x200001c0       0x1c CMakeFiles/inter_board_communication.elf.dir/Core/Src/main.c.obj
                0x200001c0                RxHeader
 .bss.rx_data   0x200001dc        0x1 CMakeFiles/inter_board_communication.elf.dir/Core/Src/main.c.obj
                0x200001dc                rx_data
 *fill*         0x200001dd        0x3 
 .bss.huart6    0x200001e0       0x48 CMakeFiles/inter_board_communication.elf.dir/Core/Src/usart.c.obj
                0x200001e0                huart6
 .bss.uwTick    0x20000228        0x4 CMakeFiles/inter_board_communication.elf.dir/Drivers/STM32F4xx_HAL_Driver/Src/stm32f4xx_hal.c.obj
                0x20000228                uwTick
 .bss.__sf      0x2000022c      0x138 /Applications/ArmGNUToolchain/13.3.rel1/arm-none-eabi/bin/../lib/gcc/arm-none-eabi/13.3.1/../../../../arm-none-eabi/lib/thumb/v7e-m/nofp/libc.a(libc_a-findfp.o)
                0x2000022c                __sf
 .bss.__lock___atexit_recursive_mutex
                0x20000364        0x1 /Applications/ArmGNUToolchain/13.3.rel1/arm-none-eabi/bin/../lib/gcc/arm-none-eabi/13.3.1/../../../../arm-none-eabi/lib/thumb/v7e-m/nofp/libc.a(libc_a-lock.o)
                0x20000364                __lock___atexit_recursive_mutex
 *fill*         0x20000365        0x3 
 .bss.__atexit  0x20000368        0x4 /Applications/ArmGNUToolchain/13.3.rel1/arm-none-eabi/bin/../lib/gcc/arm-none-eabi/13.3.1/../../../../arm-none-eabi/lib/thumb/v7e-m/nofp/libc.a(libc_a-__call_atexit.o)
                0x20000368                __atexit
 .bss.errno     0x2000036c        0x4 /Applications/ArmGNUToolchain/13.3.rel1/arm-none-eabi/bin/../lib/gcc/arm-none-eabi/13.3.1/../../../../arm-none-eabi/lib/thumb/v7e-m/nofp/libc.a(libc_a-reent.o)
                0x2000036c                errno
 .bss.__atexit0
                0x20000370      0x190 /Applications/ArmGNUToolchain/13.3.rel1/arm-none-eabi/bin/../lib/gcc/arm-none-eabi/13.3.1/../../../../arm-none-eabi/lib/thumb/v7e-m/nofp/libc.a(libc_a-__atexit.o)
                0x20000370                __atexit0
 *(COMMON)
                0x20000500                        . = ALIGN (0x4)
                0x20000500                        _ebss = .
                0x20000500                        __bss_end__ = _ebss

._user_heap_stack
                0x20000500      0x600
                0x20000500                        . = ALIGN (0x8)
                [!provide]                        PROVIDE (end = .)
                0x20000500                        PROVIDE (_end = .)
                0x20000700                        . = (. + _Min_Heap_Size)
 *fill*         0x20000500      0x200 
                0x20000b00                        . = (. + _Min_Stack_Size)
 *fill*         0x20000700      0x400 
                0x20000b00                        . = ALIGN (0x8)

/DISCARD/
 libc.a(*)
 libm.a(*)
 libgcc.a(*)

.ARM.attributes
                0x00000000       0x2a
 *(.ARM.attributes)
 .ARM.attributes
                0x00000000       0x1e /Applications/ArmGNUToolchain/13.3.rel1/arm-none-eabi/bin/../lib/gcc/arm-none-eabi/13.3.1/thumb/v7e-m/nofp/crti.o
 .ARM.attributes
                0x0000001e       0x2e /Applications/ArmGNUToolchain/13.3.rel1/arm-none-eabi/bin/../lib/gcc/arm-none-eabi/13.3.1/thumb/v7e-m/nofp/crtbegin.o
 .ARM.attributes
                0x0000004c       0x2e CMakeFiles/inter_board_communication.elf.dir/Core/Src/callback.cpp.obj
 .ARM.attributes
                0x0000007a       0x2e CMakeFiles/inter_board_communication.elf.dir/Core/Src/can.c.obj
 .ARM.attributes
                0x000000a8       0x2e CMakeFiles/inter_board_communication.elf.dir/Core/Src/gpio.c.obj
 .ARM.attributes
                0x000000d6       0x2e CMakeFiles/inter_board_communication.elf.dir/Core/Src/main.c.obj
 .ARM.attributes
                0x00000104       0x2e CMakeFiles/inter_board_communication.elf.dir/Core/Src/stm32f4xx_hal_msp.c.obj
 .ARM.attributes
                0x00000132       0x2e CMakeFiles/inter_board_communication.elf.dir/Core/Src/stm32f4xx_it.c.obj
 .ARM.attributes
                0x00000160       0x2e CMakeFiles/inter_board_communication.elf.dir/Core/Src/syscalls.c.obj
 .ARM.attributes
                0x0000018e       0x2e CMakeFiles/inter_board_communication.elf.dir/Core/Src/system_stm32f4xx.c.obj
 .ARM.attributes
                0x000001bc       0x2e CMakeFiles/inter_board_communication.elf.dir/Core/Src/usart.c.obj
 .ARM.attributes
                0x000001ea       0x21 CMakeFiles/inter_board_communication.elf.dir/Core/Startup/startup_stm32f427iihx.s.obj
 .ARM.attributes
                0x0000020b       0x2e CMakeFiles/inter_board_communication.elf.dir/Drivers/STM32F4xx_HAL_Driver/Src/stm32f4xx_hal.c.obj
 .ARM.attributes
                0x00000239       0x2e CMakeFiles/inter_board_communication.elf.dir/Drivers/STM32F4xx_HAL_Driver/Src/stm32f4xx_hal_can.c.obj
 .ARM.attributes
                0x00000267       0x2e CMakeFiles/inter_board_communication.elf.dir/Drivers/STM32F4xx_HAL_Driver/Src/stm32f4xx_hal_cortex.c.obj
 .ARM.attributes
                0x00000295       0x2e CMakeFiles/inter_board_communication.elf.dir/Drivers/STM32F4xx_HAL_Driver/Src/stm32f4xx_hal_dma.c.obj
 .ARM.attributes
                0x000002c3       0x2e CMakeFiles/inter_board_communication.elf.dir/Drivers/STM32F4xx_HAL_Driver/Src/stm32f4xx_hal_gpio.c.obj
 .ARM.attributes
                0x000002f1       0x2e CMakeFiles/inter_board_communication.elf.dir/Drivers/STM32F4xx_HAL_Driver/Src/stm32f4xx_hal_pwr_ex.c.obj
 .ARM.attributes
                0x0000031f       0x2e CMakeFiles/inter_board_communication.elf.dir/Drivers/STM32F4xx_HAL_Driver/Src/stm32f4xx_hal_rcc.c.obj
 .ARM.attributes
                0x0000034d       0x2e CMakeFiles/inter_board_communication.elf.dir/Drivers/STM32F4xx_HAL_Driver/Src/stm32f4xx_hal_uart.c.obj
 .ARM.attributes
                0x0000037b       0x1e /Applications/ArmGNUToolchain/13.3.rel1/arm-none-eabi/bin/../lib/gcc/arm-none-eabi/13.3.1/thumb/v7e-m/nofp/libgcc.a(_aeabi_uldivmod.o)
 .ARM.attributes
                0x00000399       0x2e /Applications/ArmGNUToolchain/13.3.rel1/arm-none-eabi/bin/../lib/gcc/arm-none-eabi/13.3.1/thumb/v7e-m/nofp/libgcc.a(_udivmoddi4.o)
 .ARM.attributes
                0x000003c7       0x2e /Applications/ArmGNUToolchain/13.3.rel1/arm-none-eabi/bin/../lib/gcc/arm-none-eabi/13.3.1/thumb/v7e-m/nofp/libgcc.a(unwind-arm.o)
 .ARM.attributes
                0x000003f5       0x1e /Applications/ArmGNUToolchain/13.3.rel1/arm-none-eabi/bin/../lib/gcc/arm-none-eabi/13.3.1/thumb/v7e-m/nofp/libgcc.a(libunwind.o)
 .ARM.attributes
                0x00000413       0x2e /Applications/ArmGNUToolchain/13.3.rel1/arm-none-eabi/bin/../lib/gcc/arm-none-eabi/13.3.1/thumb/v7e-m/nofp/libgcc.a(pr-support.o)
 .ARM.attributes
                0x00000441       0x1e /Applications/ArmGNUToolchain/13.3.rel1/arm-none-eabi/bin/../lib/gcc/arm-none-eabi/13.3.1/thumb/v7e-m/nofp/libgcc.a(_dvmd_tls.o)
 .ARM.attributes
                0x0000045f       0x2e /Applications/ArmGNUToolchain/13.3.rel1/arm-none-eabi/bin/../lib/gcc/arm-none-eabi/13.3.1/../../../../arm-none-eabi/lib/thumb/v7e-m/nofp/libc.a(libc_a-abort.o)
 .ARM.attributes
                0x0000048d       0x2e /Applications/ArmGNUToolchain/13.3.rel1/arm-none-eabi/bin/../lib/gcc/arm-none-eabi/13.3.1/../../../../arm-none-eabi/lib/thumb/v7e-m/nofp/libc.a(libc_a-findfp.o)
 .ARM.attributes
                0x000004bb       0x2e /Applications/ArmGNUToolchain/13.3.rel1/arm-none-eabi/bin/../lib/gcc/arm-none-eabi/13.3.1/../../../../arm-none-eabi/lib/thumb/v7e-m/nofp/libc.a(libc_a-memset.o)
 .ARM.attributes
                0x000004e9       0x2e /Applications/ArmGNUToolchain/13.3.rel1/arm-none-eabi/bin/../lib/gcc/arm-none-eabi/13.3.1/../../../../arm-none-eabi/lib/thumb/v7e-m/nofp/libc.a(libc_a-signal.o)
 .ARM.attributes
                0x00000517       0x2e /Applications/ArmGNUToolchain/13.3.rel1/arm-none-eabi/bin/../lib/gcc/arm-none-eabi/13.3.1/../../../../arm-none-eabi/lib/thumb/v7e-m/nofp/libc.a(libc_a-impure.o)
 .ARM.attributes
                0x00000545       0x2e /Applications/ArmGNUToolchain/13.3.rel1/arm-none-eabi/bin/../lib/gcc/arm-none-eabi/13.3.1/../../../../arm-none-eabi/lib/thumb/v7e-m/nofp/libc.a(libc_a-signalr.o)
 .ARM.attributes
                0x00000573       0x2e /Applications/ArmGNUToolchain/13.3.rel1/arm-none-eabi/bin/../lib/gcc/arm-none-eabi/13.3.1/../../../../arm-none-eabi/lib/thumb/v7e-m/nofp/libc.a(libc_a-errno.o)
 .ARM.attributes
                0x000005a1       0x2e /Applications/ArmGNUToolchain/13.3.rel1/arm-none-eabi/bin/../lib/gcc/arm-none-eabi/13.3.1/../../../../arm-none-eabi/lib/thumb/v7e-m/nofp/libc.a(libc_a-init.o)
 .ARM.attributes
                0x000005cf       0x2e /Applications/ArmGNUToolchain/13.3.rel1/arm-none-eabi/bin/../lib/gcc/arm-none-eabi/13.3.1/../../../../arm-none-eabi/lib/thumb/v7e-m/nofp/libc.a(libc_a-lock.o)
 .ARM.attributes
                0x000005fd       0x1c /Applications/ArmGNUToolchain/13.3.rel1/arm-none-eabi/bin/../lib/gcc/arm-none-eabi/13.3.1/../../../../arm-none-eabi/lib/thumb/v7e-m/nofp/libc.a(libc_a-memcpy.o)
 .ARM.attributes
                0x00000619       0x2e /Applications/ArmGNUToolchain/13.3.rel1/arm-none-eabi/bin/../lib/gcc/arm-none-eabi/13.3.1/../../../../arm-none-eabi/lib/thumb/v7e-m/nofp/libc.a(libc_a-__call_atexit.o)
 .ARM.attributes
                0x00000647       0x2e /Applications/ArmGNUToolchain/13.3.rel1/arm-none-eabi/bin/../lib/gcc/arm-none-eabi/13.3.1/../../../../arm-none-eabi/lib/thumb/v7e-m/nofp/libc.a(libc_a-atexit.o)
 .ARM.attributes
                0x00000675       0x2e /Applications/ArmGNUToolchain/13.3.rel1/arm-none-eabi/bin/../lib/gcc/arm-none-eabi/13.3.1/../../../../arm-none-eabi/lib/thumb/v7e-m/nofp/libc.a(libc_a-reent.o)
 .ARM.attributes
                0x000006a3       0x2e /Applications/ArmGNUToolchain/13.3.rel1/arm-none-eabi/bin/../lib/gcc/arm-none-eabi/13.3.1/../../../../arm-none-eabi/lib/thumb/v7e-m/nofp/libc.a(libc_a-fini.o)
 .ARM.attributes
                0x000006d1       0x2e /Applications/ArmGNUToolchain/13.3.rel1/arm-none-eabi/bin/../lib/gcc/arm-none-eabi/13.3.1/../../../../arm-none-eabi/lib/thumb/v7e-m/nofp/libc.a(libc_a-__atexit.o)
 .ARM.attributes
                0x000006ff       0x2e /Applications/ArmGNUToolchain/13.3.rel1/arm-none-eabi/bin/../lib/gcc/arm-none-eabi/13.3.1/thumb/v7e-m/nofp/crtend.o
 .ARM.attributes
                0x0000072d       0x1e /Applications/ArmGNUToolchain/13.3.rel1/arm-none-eabi/bin/../lib/gcc/arm-none-eabi/13.3.1/thumb/v7e-m/nofp/crtn.o
OUTPUT(inter_board_communication.elf elf32-littlearm)
LOAD linker stubs
LOAD /Applications/ArmGNUToolchain/13.3.rel1/arm-none-eabi/bin/../lib/gcc/arm-none-eabi/13.3.1/../../../../arm-none-eabi/lib/thumb/v7e-m/nofp/libc.a
LOAD /Applications/ArmGNUToolchain/13.3.rel1/arm-none-eabi/bin/../lib/gcc/arm-none-eabi/13.3.1/../../../../arm-none-eabi/lib/thumb/v7e-m/nofp/libm.a
LOAD /Applications/ArmGNUToolchain/13.3.rel1/arm-none-eabi/bin/../lib/gcc/arm-none-eabi/13.3.1/thumb/v7e-m/nofp/libgcc.a

.debug_info     0x00000000     0xd9c7
 .debug_info    0x00000000      0x7bf CMakeFiles/inter_board_communication.elf.dir/Core/Src/callback.cpp.obj
 .debug_info    0x000007bf      0xc6f CMakeFiles/inter_board_communication.elf.dir/Core/Src/can.c.obj
 .debug_info    0x0000142e      0x4ad CMakeFiles/inter_board_communication.elf.dir/Core/Src/gpio.c.obj
 .debug_info    0x000018db      0xbf7 CMakeFiles/inter_board_communication.elf.dir/Core/Src/main.c.obj
 .debug_info    0x000024d2      0x27d CMakeFiles/inter_board_communication.elf.dir/Core/Src/stm32f4xx_hal_msp.c.obj
 .debug_info    0x0000274f      0xa9f CMakeFiles/inter_board_communication.elf.dir/Core/Src/stm32f4xx_it.c.obj
 .debug_info    0x000031ee      0x789 CMakeFiles/inter_board_communication.elf.dir/Core/Src/syscalls.c.obj
 .debug_info    0x00003977      0x34c CMakeFiles/inter_board_communication.elf.dir/Core/Src/system_stm32f4xx.c.obj
 .debug_info    0x00003cc3      0xc75 CMakeFiles/inter_board_communication.elf.dir/Core/Src/usart.c.obj
 .debug_info    0x00004938       0x30 CMakeFiles/inter_board_communication.elf.dir/Core/Startup/startup_stm32f427iihx.s.obj
 .debug_info    0x00004968      0xa4c CMakeFiles/inter_board_communication.elf.dir/Drivers/STM32F4xx_HAL_Driver/Src/stm32f4xx_hal.c.obj
 .debug_info    0x000053b4     0x11f0 CMakeFiles/inter_board_communication.elf.dir/Drivers/STM32F4xx_HAL_Driver/Src/stm32f4xx_hal_can.c.obj
 .debug_info    0x000065a4     0x101f CMakeFiles/inter_board_communication.elf.dir/Drivers/STM32F4xx_HAL_Driver/Src/stm32f4xx_hal_cortex.c.obj
 .debug_info    0x000075c3      0xad9 CMakeFiles/inter_board_communication.elf.dir/Drivers/STM32F4xx_HAL_Driver/Src/stm32f4xx_hal_dma.c.obj
 .debug_info    0x0000809c      0x71c CMakeFiles/inter_board_communication.elf.dir/Drivers/STM32F4xx_HAL_Driver/Src/stm32f4xx_hal_gpio.c.obj
 .debug_info    0x000087b8      0x78a CMakeFiles/inter_board_communication.elf.dir/Drivers/STM32F4xx_HAL_Driver/Src/stm32f4xx_hal_pwr_ex.c.obj
 .debug_info    0x00008f42      0xa85 CMakeFiles/inter_board_communication.elf.dir/Drivers/STM32F4xx_HAL_Driver/Src/stm32f4xx_hal_rcc.c.obj
 .debug_info    0x000099c7     0x4000 CMakeFiles/inter_board_communication.elf.dir/Drivers/STM32F4xx_HAL_Driver/Src/stm32f4xx_hal_uart.c.obj

.debug_abbrev   0x00000000     0x24c3
 .debug_abbrev  0x00000000      0x1e2 CMakeFiles/inter_board_communication.elf.dir/Core/Src/callback.cpp.obj
 .debug_abbrev  0x000001e2      0x23d CMakeFiles/inter_board_communication.elf.dir/Core/Src/can.c.obj
 .debug_abbrev  0x0000041f      0x164 CMakeFiles/inter_board_communication.elf.dir/Core/Src/gpio.c.obj
 .debug_abbrev  0x00000583      0x252 CMakeFiles/inter_board_communication.elf.dir/Core/Src/main.c.obj
 .debug_abbrev  0x000007d5       0xd6 CMakeFiles/inter_board_communication.elf.dir/Core/Src/stm32f4xx_hal_msp.c.obj
 .debug_abbrev  0x000008ab      0x1f1 CMakeFiles/inter_board_communication.elf.dir/Core/Src/stm32f4xx_it.c.obj
 .debug_abbrev  0x00000a9c      0x1c1 CMakeFiles/inter_board_communication.elf.dir/Core/Src/syscalls.c.obj
 .debug_abbrev  0x00000c5d      0x120 CMakeFiles/inter_board_communication.elf.dir/Core/Src/system_stm32f4xx.c.obj
 .debug_abbrev  0x00000d7d      0x236 CMakeFiles/inter_board_communication.elf.dir/Core/Src/usart.c.obj
 .debug_abbrev  0x00000fb3       0x24 CMakeFiles/inter_board_communication.elf.dir/Core/Startup/startup_stm32f427iihx.s.obj
 .debug_abbrev  0x00000fd7      0x240 CMakeFiles/inter_board_communication.elf.dir/Drivers/STM32F4xx_HAL_Driver/Src/stm32f4xx_hal.c.obj
 .debug_abbrev  0x00001217      0x27d CMakeFiles/inter_board_communication.elf.dir/Drivers/STM32F4xx_HAL_Driver/Src/stm32f4xx_hal_can.c.obj
 .debug_abbrev  0x00001494      0x391 CMakeFiles/inter_board_communication.elf.dir/Drivers/STM32F4xx_HAL_Driver/Src/stm32f4xx_hal_cortex.c.obj
 .debug_abbrev  0x00001825      0x2c0 CMakeFiles/inter_board_communication.elf.dir/Drivers/STM32F4xx_HAL_Driver/Src/stm32f4xx_hal_dma.c.obj
 .debug_abbrev  0x00001ae5      0x202 CMakeFiles/inter_board_communication.elf.dir/Drivers/STM32F4xx_HAL_Driver/Src/stm32f4xx_hal_gpio.c.obj
 .debug_abbrev  0x00001ce7      0x1e6 CMakeFiles/inter_board_communication.elf.dir/Drivers/STM32F4xx_HAL_Driver/Src/stm32f4xx_hal_pwr_ex.c.obj
 .debug_abbrev  0x00001ecd      0x2c7 CMakeFiles/inter_board_communication.elf.dir/Drivers/STM32F4xx_HAL_Driver/Src/stm32f4xx_hal_rcc.c.obj
 .debug_abbrev  0x00002194      0x32f CMakeFiles/inter_board_communication.elf.dir/Drivers/STM32F4xx_HAL_Driver/Src/stm32f4xx_hal_uart.c.obj

.debug_loclists
                0x00000000     0x5354
 .debug_loclists
                0x00000000       0x46 CMakeFiles/inter_board_communication.elf.dir/Core/Src/callback.cpp.obj
 .debug_loclists
                0x00000046       0x75 CMakeFiles/inter_board_communication.elf.dir/Core/Src/can.c.obj
 .debug_loclists
                0x000000bb      0x2cd CMakeFiles/inter_board_communication.elf.dir/Core/Src/syscalls.c.obj
 .debug_loclists
                0x00000388       0xfa CMakeFiles/inter_board_communication.elf.dir/Core/Src/system_stm32f4xx.c.obj
 .debug_loclists
                0x00000482       0x75 CMakeFiles/inter_board_communication.elf.dir/Core/Src/usart.c.obj
 .debug_loclists
                0x000004f7       0xe1 CMakeFiles/inter_board_communication.elf.dir/Drivers/STM32F4xx_HAL_Driver/Src/stm32f4xx_hal.c.obj
 .debug_loclists
                0x000005d8      0xa57 CMakeFiles/inter_board_communication.elf.dir/Drivers/STM32F4xx_HAL_Driver/Src/stm32f4xx_hal_can.c.obj
 .debug_loclists
                0x0000102f      0x54d CMakeFiles/inter_board_communication.elf.dir/Drivers/STM32F4xx_HAL_Driver/Src/stm32f4xx_hal_cortex.c.obj
 .debug_loclists
                0x0000157c      0x88a CMakeFiles/inter_board_communication.elf.dir/Drivers/STM32F4xx_HAL_Driver/Src/stm32f4xx_hal_dma.c.obj
 .debug_loclists
                0x00001e06      0x386 CMakeFiles/inter_board_communication.elf.dir/Drivers/STM32F4xx_HAL_Driver/Src/stm32f4xx_hal_gpio.c.obj
 .debug_loclists
                0x0000218c      0x15a CMakeFiles/inter_board_communication.elf.dir/Drivers/STM32F4xx_HAL_Driver/Src/stm32f4xx_hal_pwr_ex.c.obj
 .debug_loclists
                0x000022e6      0x3e5 CMakeFiles/inter_board_communication.elf.dir/Drivers/STM32F4xx_HAL_Driver/Src/stm32f4xx_hal_rcc.c.obj
 .debug_loclists
                0x000026cb     0x2c89 CMakeFiles/inter_board_communication.elf.dir/Drivers/STM32F4xx_HAL_Driver/Src/stm32f4xx_hal_uart.c.obj

.debug_aranges  0x00000000      0x980
 .debug_aranges
                0x00000000       0x28 CMakeFiles/inter_board_communication.elf.dir/Core/Src/callback.cpp.obj
 .debug_aranges
                0x00000028       0x30 CMakeFiles/inter_board_communication.elf.dir/Core/Src/can.c.obj
 .debug_aranges
                0x00000058       0x20 CMakeFiles/inter_board_communication.elf.dir/Core/Src/gpio.c.obj
 .debug_aranges
                0x00000078       0x30 CMakeFiles/inter_board_communication.elf.dir/Core/Src/main.c.obj
 .debug_aranges
                0x000000a8       0x20 CMakeFiles/inter_board_communication.elf.dir/Core/Src/stm32f4xx_hal_msp.c.obj
 .debug_aranges
                0x000000c8       0x88 CMakeFiles/inter_board_communication.elf.dir/Core/Src/stm32f4xx_it.c.obj
 .debug_aranges
                0x00000150       0xa8 CMakeFiles/inter_board_communication.elf.dir/Core/Src/syscalls.c.obj
 .debug_aranges
                0x000001f8       0x28 CMakeFiles/inter_board_communication.elf.dir/Core/Src/system_stm32f4xx.c.obj
 .debug_aranges
                0x00000220       0x30 CMakeFiles/inter_board_communication.elf.dir/Core/Src/usart.c.obj
 .debug_aranges
                0x00000250       0x28 CMakeFiles/inter_board_communication.elf.dir/Core/Startup/startup_stm32f427iihx.s.obj
 .debug_aranges
                0x00000278      0x100 CMakeFiles/inter_board_communication.elf.dir/Drivers/STM32F4xx_HAL_Driver/Src/stm32f4xx_hal.c.obj
 .debug_aranges
                0x00000378      0x138 CMakeFiles/inter_board_communication.elf.dir/Drivers/STM32F4xx_HAL_Driver/Src/stm32f4xx_hal_can.c.obj
 .debug_aranges
                0x000004b0       0xf8 CMakeFiles/inter_board_communication.elf.dir/Drivers/STM32F4xx_HAL_Driver/Src/stm32f4xx_hal_cortex.c.obj
 .debug_aranges
                0x000005a8       0x90 CMakeFiles/inter_board_communication.elf.dir/Drivers/STM32F4xx_HAL_Driver/Src/stm32f4xx_hal_dma.c.obj
 .debug_aranges
                0x00000638       0x58 CMakeFiles/inter_board_communication.elf.dir/Drivers/STM32F4xx_HAL_Driver/Src/stm32f4xx_hal_gpio.c.obj
 .debug_aranges
                0x00000690       0x60 CMakeFiles/inter_board_communication.elf.dir/Drivers/STM32F4xx_HAL_Driver/Src/stm32f4xx_hal_pwr_ex.c.obj
 .debug_aranges
                0x000006f0       0x88 CMakeFiles/inter_board_communication.elf.dir/Drivers/STM32F4xx_HAL_Driver/Src/stm32f4xx_hal_rcc.c.obj
 .debug_aranges
                0x00000778      0x208 CMakeFiles/inter_board_communication.elf.dir/Drivers/STM32F4xx_HAL_Driver/Src/stm32f4xx_hal_uart.c.obj

.debug_rnglists
                0x00000000      0x718
 .debug_rnglists
                0x00000000       0x19 CMakeFiles/inter_board_communication.elf.dir/Core/Src/callback.cpp.obj
 .debug_rnglists
                0x00000019       0x20 CMakeFiles/inter_board_communication.elf.dir/Core/Src/can.c.obj
 .debug_rnglists
                0x00000039       0x14 CMakeFiles/inter_board_communication.elf.dir/Core/Src/gpio.c.obj
 .debug_rnglists
                0x0000004d       0x20 CMakeFiles/inter_board_communication.elf.dir/Core/Src/main.c.obj
 .debug_rnglists
                0x0000006d       0x13 CMakeFiles/inter_board_communication.elf.dir/Core/Src/stm32f4xx_hal_msp.c.obj
 .debug_rnglists
                0x00000080       0x61 CMakeFiles/inter_board_communication.elf.dir/Core/Src/stm32f4xx_it.c.obj
 .debug_rnglists
                0x000000e1       0x79 CMakeFiles/inter_board_communication.elf.dir/Core/Src/syscalls.c.obj
 .debug_rnglists
                0x0000015a       0x1a CMakeFiles/inter_board_communication.elf.dir/Core/Src/system_stm32f4xx.c.obj
 .debug_rnglists
                0x00000174       0x20 CMakeFiles/inter_board_communication.elf.dir/Core/Src/usart.c.obj
 .debug_rnglists
                0x00000194       0x19 CMakeFiles/inter_board_communication.elf.dir/Core/Startup/startup_stm32f427iihx.s.obj
 .debug_rnglists
                0x000001ad       0xbb CMakeFiles/inter_board_communication.elf.dir/Drivers/STM32F4xx_HAL_Driver/Src/stm32f4xx_hal.c.obj
 .debug_rnglists
                0x00000268       0xf6 CMakeFiles/inter_board_communication.elf.dir/Drivers/STM32F4xx_HAL_Driver/Src/stm32f4xx_hal_can.c.obj
 .debug_rnglists
                0x0000035e       0xb5 CMakeFiles/inter_board_communication.elf.dir/Drivers/STM32F4xx_HAL_Driver/Src/stm32f4xx_hal_cortex.c.obj
 .debug_rnglists
                0x00000413       0x6c CMakeFiles/inter_board_communication.elf.dir/Drivers/STM32F4xx_HAL_Driver/Src/stm32f4xx_hal_dma.c.obj
 .debug_rnglists
                0x0000047f       0x3f CMakeFiles/inter_board_communication.elf.dir/Drivers/STM32F4xx_HAL_Driver/Src/stm32f4xx_hal_gpio.c.obj
 .debug_rnglists
                0x000004be       0x44 CMakeFiles/inter_board_communication.elf.dir/Drivers/STM32F4xx_HAL_Driver/Src/stm32f4xx_hal_pwr_ex.c.obj
 .debug_rnglists
                0x00000502       0x75 CMakeFiles/inter_board_communication.elf.dir/Drivers/STM32F4xx_HAL_Driver/Src/stm32f4xx_hal_rcc.c.obj
 .debug_rnglists
                0x00000577      0x1a1 CMakeFiles/inter_board_communication.elf.dir/Drivers/STM32F4xx_HAL_Driver/Src/stm32f4xx_hal_uart.c.obj

.debug_line     0x00000000     0x9ebb
 .debug_line    0x00000000      0x2f2 CMakeFiles/inter_board_communication.elf.dir/Core/Src/callback.cpp.obj
 .debug_line    0x000002f2      0x3e8 CMakeFiles/inter_board_communication.elf.dir/Core/Src/can.c.obj
 .debug_line    0x000006da      0x28c CMakeFiles/inter_board_communication.elf.dir/Core/Src/gpio.c.obj
 .debug_line    0x00000966      0x475 CMakeFiles/inter_board_communication.elf.dir/Core/Src/main.c.obj
 .debug_line    0x00000ddb      0x1cf CMakeFiles/inter_board_communication.elf.dir/Core/Src/stm32f4xx_hal_msp.c.obj
 .debug_line    0x00000faa      0x3cb CMakeFiles/inter_board_communication.elf.dir/Core/Src/stm32f4xx_it.c.obj
 .debug_line    0x00001375      0x419 CMakeFiles/inter_board_communication.elf.dir/Core/Src/syscalls.c.obj
 .debug_line    0x0000178e      0x296 CMakeFiles/inter_board_communication.elf.dir/Core/Src/system_stm32f4xx.c.obj
 .debug_line    0x00001a24      0x3cc CMakeFiles/inter_board_communication.elf.dir/Core/Src/usart.c.obj
 .debug_line    0x00001df0       0x7a CMakeFiles/inter_board_communication.elf.dir/Core/Startup/startup_stm32f427iihx.s.obj
 .debug_line    0x00001e6a      0x685 CMakeFiles/inter_board_communication.elf.dir/Drivers/STM32F4xx_HAL_Driver/Src/stm32f4xx_hal.c.obj
 .debug_line    0x000024ef     0x1231 CMakeFiles/inter_board_communication.elf.dir/Drivers/STM32F4xx_HAL_Driver/Src/stm32f4xx_hal_can.c.obj
 .debug_line    0x00003720      0x910 CMakeFiles/inter_board_communication.elf.dir/Drivers/STM32F4xx_HAL_Driver/Src/stm32f4xx_hal_cortex.c.obj
 .debug_line    0x00004030      0xee2 CMakeFiles/inter_board_communication.elf.dir/Drivers/STM32F4xx_HAL_Driver/Src/stm32f4xx_hal_dma.c.obj
 .debug_line    0x00004f12      0x7cc CMakeFiles/inter_board_communication.elf.dir/Drivers/STM32F4xx_HAL_Driver/Src/stm32f4xx_hal_gpio.c.obj
 .debug_line    0x000056de      0x5ce CMakeFiles/inter_board_communication.elf.dir/Drivers/STM32F4xx_HAL_Driver/Src/stm32f4xx_hal_pwr_ex.c.obj
 .debug_line    0x00005cac      0xc6c CMakeFiles/inter_board_communication.elf.dir/Drivers/STM32F4xx_HAL_Driver/Src/stm32f4xx_hal_rcc.c.obj
 .debug_line    0x00006918     0x35a3 CMakeFiles/inter_board_communication.elf.dir/Drivers/STM32F4xx_HAL_Driver/Src/stm32f4xx_hal_uart.c.obj

.debug_str      0x00000000     0x355c
 .debug_str     0x00000000     0x355c CMakeFiles/inter_board_communication.elf.dir/Core/Src/callback.cpp.obj
                                0x712 (size before relaxing)
 .debug_str     0x0000355c      0xc0a CMakeFiles/inter_board_communication.elf.dir/Core/Src/can.c.obj
 .debug_str     0x0000355c      0x3da CMakeFiles/inter_board_communication.elf.dir/Core/Src/gpio.c.obj
 .debug_str     0x0000355c      0x8fd CMakeFiles/inter_board_communication.elf.dir/Core/Src/main.c.obj
 .debug_str     0x0000355c      0x31b CMakeFiles/inter_board_communication.elf.dir/Core/Src/stm32f4xx_hal_msp.c.obj
 .debug_str     0x0000355c      0x9f7 CMakeFiles/inter_board_communication.elf.dir/Core/Src/stm32f4xx_it.c.obj
 .debug_str     0x0000355c      0x446 CMakeFiles/inter_board_communication.elf.dir/Core/Src/syscalls.c.obj
 .debug_str     0x0000355c      0x381 CMakeFiles/inter_board_communication.elf.dir/Core/Src/system_stm32f4xx.c.obj
 .debug_str     0x0000355c      0xe17 CMakeFiles/inter_board_communication.elf.dir/Core/Src/usart.c.obj
 .debug_str     0x0000355c       0xc1 CMakeFiles/inter_board_communication.elf.dir/Core/Startup/startup_stm32f427iihx.s.obj
 .debug_str     0x0000355c      0xc4c CMakeFiles/inter_board_communication.elf.dir/Drivers/STM32F4xx_HAL_Driver/Src/stm32f4xx_hal.c.obj
 .debug_str     0x0000355c      0xa82 CMakeFiles/inter_board_communication.elf.dir/Drivers/STM32F4xx_HAL_Driver/Src/stm32f4xx_hal_can.c.obj
 .debug_str     0x0000355c      0xd0f CMakeFiles/inter_board_communication.elf.dir/Drivers/STM32F4xx_HAL_Driver/Src/stm32f4xx_hal_cortex.c.obj
 .debug_str     0x0000355c      0x7c3 CMakeFiles/inter_board_communication.elf.dir/Drivers/STM32F4xx_HAL_Driver/Src/stm32f4xx_hal_dma.c.obj
 .debug_str     0x0000355c      0x540 CMakeFiles/inter_board_communication.elf.dir/Drivers/STM32F4xx_HAL_Driver/Src/stm32f4xx_hal_gpio.c.obj
 .debug_str     0x0000355c      0x52b CMakeFiles/inter_board_communication.elf.dir/Drivers/STM32F4xx_HAL_Driver/Src/stm32f4xx_hal_pwr_ex.c.obj
 .debug_str     0x0000355c      0x766 CMakeFiles/inter_board_communication.elf.dir/Drivers/STM32F4xx_HAL_Driver/Src/stm32f4xx_hal_rcc.c.obj
 .debug_str     0x0000355c      0xde8 CMakeFiles/inter_board_communication.elf.dir/Drivers/STM32F4xx_HAL_Driver/Src/stm32f4xx_hal_uart.c.obj

.comment        0x00000000       0x45
 .comment       0x00000000       0x45 CMakeFiles/inter_board_communication.elf.dir/Core/Src/callback.cpp.obj
                                 0x46 (size before relaxing)
 .comment       0x00000045       0x46 CMakeFiles/inter_board_communication.elf.dir/Core/Src/can.c.obj
 .comment       0x00000045       0x46 CMakeFiles/inter_board_communication.elf.dir/Core/Src/gpio.c.obj
 .comment       0x00000045       0x46 CMakeFiles/inter_board_communication.elf.dir/Core/Src/main.c.obj
 .comment       0x00000045       0x46 CMakeFiles/inter_board_communication.elf.dir/Core/Src/stm32f4xx_hal_msp.c.obj
 .comment       0x00000045       0x46 CMakeFiles/inter_board_communication.elf.dir/Core/Src/stm32f4xx_it.c.obj
 .comment       0x00000045       0x46 CMakeFiles/inter_board_communication.elf.dir/Core/Src/syscalls.c.obj
 .comment       0x00000045       0x46 CMakeFiles/inter_board_communication.elf.dir/Core/Src/system_stm32f4xx.c.obj
 .comment       0x00000045       0x46 CMakeFiles/inter_board_communication.elf.dir/Core/Src/usart.c.obj
 .comment       0x00000045       0x46 CMakeFiles/inter_board_communication.elf.dir/Drivers/STM32F4xx_HAL_Driver/Src/stm32f4xx_hal.c.obj
 .comment       0x00000045       0x46 CMakeFiles/inter_board_communication.elf.dir/Drivers/STM32F4xx_HAL_Driver/Src/stm32f4xx_hal_can.c.obj
 .comment       0x00000045       0x46 CMakeFiles/inter_board_communication.elf.dir/Drivers/STM32F4xx_HAL_Driver/Src/stm32f4xx_hal_cortex.c.obj
 .comment       0x00000045       0x46 CMakeFiles/inter_board_communication.elf.dir/Drivers/STM32F4xx_HAL_Driver/Src/stm32f4xx_hal_dma.c.obj
 .comment       0x00000045       0x46 CMakeFiles/inter_board_communication.elf.dir/Drivers/STM32F4xx_HAL_Driver/Src/stm32f4xx_hal_gpio.c.obj
 .comment       0x00000045       0x46 CMakeFiles/inter_board_communication.elf.dir/Drivers/STM32F4xx_HAL_Driver/Src/stm32f4xx_hal_pwr_ex.c.obj
 .comment       0x00000045       0x46 CMakeFiles/inter_board_communication.elf.dir/Drivers/STM32F4xx_HAL_Driver/Src/stm32f4xx_hal_rcc.c.obj
 .comment       0x00000045       0x46 CMakeFiles/inter_board_communication.elf.dir/Drivers/STM32F4xx_HAL_Driver/Src/stm32f4xx_hal_uart.c.obj

.debug_frame    0x00000000     0x1f40
 .debug_frame   0x00000000       0x40 CMakeFiles/inter_board_communication.elf.dir/Core/Src/callback.cpp.obj
 .debug_frame   0x00000040       0x60 CMakeFiles/inter_board_communication.elf.dir/Core/Src/can.c.obj
 .debug_frame   0x000000a0       0x30 CMakeFiles/inter_board_communication.elf.dir/Core/Src/gpio.c.obj
 .debug_frame   0x000000d0       0x58 CMakeFiles/inter_board_communication.elf.dir/Core/Src/main.c.obj
 .debug_frame   0x00000128       0x28 CMakeFiles/inter_board_communication.elf.dir/Core/Src/stm32f4xx_hal_msp.c.obj
 .debug_frame   0x00000150      0x120 CMakeFiles/inter_board_communication.elf.dir/Core/Src/stm32f4xx_it.c.obj
 .debug_frame   0x00000270      0x190 CMakeFiles/inter_board_communication.elf.dir/Core/Src/syscalls.c.obj
 .debug_frame   0x00000400       0x30 CMakeFiles/inter_board_communication.elf.dir/Core/Src/system_stm32f4xx.c.obj
 .debug_frame   0x00000430       0x60 CMakeFiles/inter_board_communication.elf.dir/Core/Src/usart.c.obj
 .debug_frame   0x00000490      0x20c CMakeFiles/inter_board_communication.elf.dir/Drivers/STM32F4xx_HAL_Driver/Src/stm32f4xx_hal.c.obj
 .debug_frame   0x0000069c      0x2d4 CMakeFiles/inter_board_communication.elf.dir/Drivers/STM32F4xx_HAL_Driver/Src/stm32f4xx_hal_can.c.obj
 .debug_frame   0x00000970      0x214 CMakeFiles/inter_board_communication.elf.dir/Drivers/STM32F4xx_HAL_Driver/Src/stm32f4xx_hal_cortex.c.obj
 .debug_frame   0x00000b84      0x188 CMakeFiles/inter_board_communication.elf.dir/Drivers/STM32F4xx_HAL_Driver/Src/stm32f4xx_hal_dma.c.obj
 .debug_frame   0x00000d0c       0xd4 CMakeFiles/inter_board_communication.elf.dir/Drivers/STM32F4xx_HAL_Driver/Src/stm32f4xx_hal_gpio.c.obj
 .debug_frame   0x00000de0       0xec CMakeFiles/inter_board_communication.elf.dir/Drivers/STM32F4xx_HAL_Driver/Src/stm32f4xx_hal_pwr_ex.c.obj
 .debug_frame   0x00000ecc      0x16c CMakeFiles/inter_board_communication.elf.dir/Drivers/STM32F4xx_HAL_Driver/Src/stm32f4xx_hal_rcc.c.obj
 .debug_frame   0x00001038      0x5dc CMakeFiles/inter_board_communication.elf.dir/Drivers/STM32F4xx_HAL_Driver/Src/stm32f4xx_hal_uart.c.obj
 .debug_frame   0x00001614       0x2c /Applications/ArmGNUToolchain/13.3.rel1/arm-none-eabi/bin/../lib/gcc/arm-none-eabi/13.3.1/thumb/v7e-m/nofp/libgcc.a(_aeabi_uldivmod.o)
 .debug_frame   0x00001640       0x34 /Applications/ArmGNUToolchain/13.3.rel1/arm-none-eabi/bin/../lib/gcc/arm-none-eabi/13.3.1/thumb/v7e-m/nofp/libgcc.a(_udivmoddi4.o)
 .debug_frame   0x00001674      0x2c8 /Applications/ArmGNUToolchain/13.3.rel1/arm-none-eabi/bin/../lib/gcc/arm-none-eabi/13.3.1/thumb/v7e-m/nofp/libgcc.a(unwind-arm.o)
 .debug_frame   0x0000193c      0x104 /Applications/ArmGNUToolchain/13.3.rel1/arm-none-eabi/bin/../lib/gcc/arm-none-eabi/13.3.1/thumb/v7e-m/nofp/libgcc.a(pr-support.o)
 .debug_frame   0x00001a40       0x28 /Applications/ArmGNUToolchain/13.3.rel1/arm-none-eabi/bin/../lib/gcc/arm-none-eabi/13.3.1/../../../../arm-none-eabi/lib/thumb/v7e-m/nofp/libc.a(libc_a-abort.o)
 .debug_frame   0x00001a68      0x13c /Applications/ArmGNUToolchain/13.3.rel1/arm-none-eabi/bin/../lib/gcc/arm-none-eabi/13.3.1/../../../../arm-none-eabi/lib/thumb/v7e-m/nofp/libc.a(libc_a-findfp.o)
 .debug_frame   0x00001ba4       0x2c /Applications/ArmGNUToolchain/13.3.rel1/arm-none-eabi/bin/../lib/gcc/arm-none-eabi/13.3.1/../../../../arm-none-eabi/lib/thumb/v7e-m/nofp/libc.a(libc_a-memset.o)
 .debug_frame   0x00001bd0      0x118 /Applications/ArmGNUToolchain/13.3.rel1/arm-none-eabi/bin/../lib/gcc/arm-none-eabi/13.3.1/../../../../arm-none-eabi/lib/thumb/v7e-m/nofp/libc.a(libc_a-signal.o)
 .debug_frame   0x00001ce8       0x3c /Applications/ArmGNUToolchain/13.3.rel1/arm-none-eabi/bin/../lib/gcc/arm-none-eabi/13.3.1/../../../../arm-none-eabi/lib/thumb/v7e-m/nofp/libc.a(libc_a-signalr.o)
 .debug_frame   0x00001d24       0x20 /Applications/ArmGNUToolchain/13.3.rel1/arm-none-eabi/bin/../lib/gcc/arm-none-eabi/13.3.1/../../../../arm-none-eabi/lib/thumb/v7e-m/nofp/libc.a(libc_a-errno.o)
 .debug_frame   0x00001d44       0x2c /Applications/ArmGNUToolchain/13.3.rel1/arm-none-eabi/bin/../lib/gcc/arm-none-eabi/13.3.1/../../../../arm-none-eabi/lib/thumb/v7e-m/nofp/libc.a(libc_a-init.o)
 .debug_frame   0x00001d70       0xb0 /Applications/ArmGNUToolchain/13.3.rel1/arm-none-eabi/bin/../lib/gcc/arm-none-eabi/13.3.1/../../../../arm-none-eabi/lib/thumb/v7e-m/nofp/libc.a(libc_a-lock.o)
 .debug_frame   0x00001e20       0x5c /Applications/ArmGNUToolchain/13.3.rel1/arm-none-eabi/bin/../lib/gcc/arm-none-eabi/13.3.1/../../../../arm-none-eabi/lib/thumb/v7e-m/nofp/libc.a(libc_a-__call_atexit.o)
 .debug_frame   0x00001e7c       0x20 /Applications/ArmGNUToolchain/13.3.rel1/arm-none-eabi/bin/../lib/gcc/arm-none-eabi/13.3.1/../../../../arm-none-eabi/lib/thumb/v7e-m/nofp/libc.a(libc_a-atexit.o)
 .debug_frame   0x00001e9c       0x3c /Applications/ArmGNUToolchain/13.3.rel1/arm-none-eabi/bin/../lib/gcc/arm-none-eabi/13.3.1/../../../../arm-none-eabi/lib/thumb/v7e-m/nofp/libc.a(libc_a-reent.o)
 .debug_frame   0x00001ed8       0x34 /Applications/ArmGNUToolchain/13.3.rel1/arm-none-eabi/bin/../lib/gcc/arm-none-eabi/13.3.1/../../../../arm-none-eabi/lib/thumb/v7e-m/nofp/libc.a(libc_a-fini.o)
 .debug_frame   0x00001f0c       0x34 /Applications/ArmGNUToolchain/13.3.rel1/arm-none-eabi/bin/../lib/gcc/arm-none-eabi/13.3.1/../../../../arm-none-eabi/lib/thumb/v7e-m/nofp/libc.a(libc_a-__atexit.o)

.debug_line_str
                0x00000000      0x275
 .debug_line_str
                0x00000000      0x275 CMakeFiles/inter_board_communication.elf.dir/Core/Startup/startup_stm32f427iihx.s.obj
                                 0xa5 (size before relaxing)
 .debug_line_str
                0x00000275       0xcf /Applications/ArmGNUToolchain/13.3.rel1/arm-none-eabi/bin/../lib/gcc/arm-none-eabi/13.3.1/thumb/v7e-m/nofp/libgcc.a(_aeabi_uldivmod.o)
 .debug_line_str
                0x00000275       0xd3 /Applications/ArmGNUToolchain/13.3.rel1/arm-none-eabi/bin/../lib/gcc/arm-none-eabi/13.3.1/thumb/v7e-m/nofp/libgcc.a(libunwind.o)
 .debug_line_str
                0x00000275       0xd3 /Applications/ArmGNUToolchain/13.3.rel1/arm-none-eabi/bin/../lib/gcc/arm-none-eabi/13.3.1/thumb/v7e-m/nofp/libgcc.a(_dvmd_tls.o)
 .debug_line_str
                0x00000275       0xe9 /Applications/ArmGNUToolchain/13.3.rel1/arm-none-eabi/bin/../lib/gcc/arm-none-eabi/13.3.1/../../../../arm-none-eabi/lib/thumb/v7e-m/nofp/libc.a(libc_a-memcpy.o)
